Archive member included to satisfy reference by file (symbol)

d:/st/stm32cubeide_1.6.1/stm32cubeide/plugins/com.st.stm32cube.ide.mcu.externaltools.gnu-tools-for-stm32.9-2020-q2-update.win32_1.5.0.202011040924/tools/bin/../lib/gcc/arm-none-eabi/9.3.1/../../../../arm-none-eabi/lib/thumb/v7e-m+fp/hard\libc_nano.a(lib_a-atoi.o)
                              Core/Internet/FTPClient/ftpc.o (atoi)
d:/st/stm32cubeide_1.6.1/stm32cubeide/plugins/com.st.stm32cube.ide.mcu.externaltools.gnu-tools-for-stm32.9-2020-q2-update.win32_1.5.0.202011040924/tools/bin/../lib/gcc/arm-none-eabi/9.3.1/../../../../arm-none-eabi/lib/thumb/v7e-m+fp/hard\libc_nano.a(lib_a-ctype_.o)
                              Core/Internet/FTPServer/ftpd.o (_ctype_)
d:/st/stm32cubeide_1.6.1/stm32cubeide/plugins/com.st.stm32cube.ide.mcu.externaltools.gnu-tools-for-stm32.9-2020-q2-update.win32_1.5.0.202011040924/tools/bin/../lib/gcc/arm-none-eabi/9.3.1/../../../../arm-none-eabi/lib/thumb/v7e-m+fp/hard\libc_nano.a(lib_a-errno.o)
                              Core/Src/syscalls.o (__errno)
d:/st/stm32cubeide_1.6.1/stm32cubeide/plugins/com.st.stm32cube.ide.mcu.externaltools.gnu-tools-for-stm32.9-2020-q2-update.win32_1.5.0.202011040924/tools/bin/../lib/gcc/arm-none-eabi/9.3.1/../../../../arm-none-eabi/lib/thumb/v7e-m+fp/hard\libc_nano.a(lib_a-exit.o)
                              d:/st/stm32cubeide_1.6.1/stm32cubeide/plugins/com.st.stm32cube.ide.mcu.externaltools.gnu-tools-for-stm32.9-2020-q2-update.win32_1.5.0.202011040924/tools/bin/../lib/gcc/arm-none-eabi/9.3.1/../../../../arm-none-eabi/lib/thumb/v7e-m+fp/hard/crt0.o (exit)
d:/st/stm32cubeide_1.6.1/stm32cubeide/plugins/com.st.stm32cube.ide.mcu.externaltools.gnu-tools-for-stm32.9-2020-q2-update.win32_1.5.0.202011040924/tools/bin/../lib/gcc/arm-none-eabi/9.3.1/../../../../arm-none-eabi/lib/thumb/v7e-m+fp/hard\libc_nano.a(lib_a-impure.o)
                              d:/st/stm32cubeide_1.6.1/stm32cubeide/plugins/com.st.stm32cube.ide.mcu.externaltools.gnu-tools-for-stm32.9-2020-q2-update.win32_1.5.0.202011040924/tools/bin/../lib/gcc/arm-none-eabi/9.3.1/../../../../arm-none-eabi/lib/thumb/v7e-m+fp/hard\libc_nano.a(lib_a-exit.o) (_global_impure_ptr)
d:/st/stm32cubeide_1.6.1/stm32cubeide/plugins/com.st.stm32cube.ide.mcu.externaltools.gnu-tools-for-stm32.9-2020-q2-update.win32_1.5.0.202011040924/tools/bin/../lib/gcc/arm-none-eabi/9.3.1/../../../../arm-none-eabi/lib/thumb/v7e-m+fp/hard\libc_nano.a(lib_a-init.o)
                              d:/st/stm32cubeide_1.6.1/stm32cubeide/plugins/com.st.stm32cube.ide.mcu.externaltools.gnu-tools-for-stm32.9-2020-q2-update.win32_1.5.0.202011040924/tools/bin/../lib/gcc/arm-none-eabi/9.3.1/../../../../arm-none-eabi/lib/thumb/v7e-m+fp/hard/crt0.o (__libc_init_array)
d:/st/stm32cubeide_1.6.1/stm32cubeide/plugins/com.st.stm32cube.ide.mcu.externaltools.gnu-tools-for-stm32.9-2020-q2-update.win32_1.5.0.202011040924/tools/bin/../lib/gcc/arm-none-eabi/9.3.1/../../../../arm-none-eabi/lib/thumb/v7e-m+fp/hard\libc_nano.a(lib_a-malloc.o)
                              Core/Internet/httpServer/httpServer.o (malloc)
d:/st/stm32cubeide_1.6.1/stm32cubeide/plugins/com.st.stm32cube.ide.mcu.externaltools.gnu-tools-for-stm32.9-2020-q2-update.win32_1.5.0.202011040924/tools/bin/../lib/gcc/arm-none-eabi/9.3.1/../../../../arm-none-eabi/lib/thumb/v7e-m+fp/hard\libc_nano.a(lib_a-memcmp.o)
                              Core/Internet/MQTT/MQTTPacket/src/MQTTConnectServer.o (memcmp)
d:/st/stm32cubeide_1.6.1/stm32cubeide/plugins/com.st.stm32cube.ide.mcu.externaltools.gnu-tools-for-stm32.9-2020-q2-update.win32_1.5.0.202011040924/tools/bin/../lib/gcc/arm-none-eabi/9.3.1/../../../../arm-none-eabi/lib/thumb/v7e-m+fp/hard\libc_nano.a(lib_a-memcpy-stub.o)
                              Core/Internet/MQTT/MQTTClient.o (memcpy)
d:/st/stm32cubeide_1.6.1/stm32cubeide/plugins/com.st.stm32cube.ide.mcu.externaltools.gnu-tools-for-stm32.9-2020-q2-update.win32_1.5.0.202011040924/tools/bin/../lib/gcc/arm-none-eabi/9.3.1/../../../../arm-none-eabi/lib/thumb/v7e-m+fp/hard\libc_nano.a(lib_a-memset.o)
                              d:/st/stm32cubeide_1.6.1/stm32cubeide/plugins/com.st.stm32cube.ide.mcu.externaltools.gnu-tools-for-stm32.9-2020-q2-update.win32_1.5.0.202011040924/tools/bin/../lib/gcc/arm-none-eabi/9.3.1/../../../../arm-none-eabi/lib/thumb/v7e-m+fp/hard/crt0.o (memset)
d:/st/stm32cubeide_1.6.1/stm32cubeide/plugins/com.st.stm32cube.ide.mcu.externaltools.gnu-tools-for-stm32.9-2020-q2-update.win32_1.5.0.202011040924/tools/bin/../lib/gcc/arm-none-eabi/9.3.1/../../../../arm-none-eabi/lib/thumb/v7e-m+fp/hard\libc_nano.a(lib_a-nano-freer.o)
                              d:/st/stm32cubeide_1.6.1/stm32cubeide/plugins/com.st.stm32cube.ide.mcu.externaltools.gnu-tools-for-stm32.9-2020-q2-update.win32_1.5.0.202011040924/tools/bin/../lib/gcc/arm-none-eabi/9.3.1/../../../../arm-none-eabi/lib/thumb/v7e-m+fp/hard\libc_nano.a(lib_a-malloc.o) (_free_r)
[...]
Memory Configuration

Name             Origin             Length             Attributes
CCMRAM           0x0000000010000000 0x0000000000010000 xrw
RAM              0x0000000020000000 0x0000000000020000 xrw
FLASH            0x0000000008000000 0x0000000000080000 xr
*default*        0x0000000000000000 0xffffffffffffffff

Linker script and memory map

LOAD d:/st/stm32cubeide_1.6.1/stm32cubeide/plugins/com.st.stm32cube.ide.mcu.externaltools.gnu-tools-for-stm32.9-2020-q2-update.win32_1.5.0.202011040924/tools/bin/../lib/gcc/arm-none-eabi/9.3.1/thumb/v7e-m+fp/hard/crti.o
LOAD d:/st/stm32cubeide_1.6.1/stm32cubeide/plugins/com.st.stm32cube.ide.mcu.externaltools.gnu-tools-for-stm32.9-2020-q2-update.win32_1.5.0.202011040924/tools/bin/../lib/gcc/arm-none-eabi/9.3.1/thumb/v7e-m+fp/hard/crtbegin.o
LOAD d:/st/stm32cubeide_1.6.1/stm32cubeide/plugins/com.st.stm32cube.ide.mcu.externaltools.gnu-tools-for-stm32.9-2020-q2-update.win32_1.5.0.202011040924/tools/bin/../lib/gcc/arm-none-eabi/9.3.1/../../../../arm-none-eabi/lib/thumb/v7e-m+fp/hard/crt0.o
LOAD Core/Ethernet/W5100/w5100.o
LOAD Core/Ethernet/W5200/w5200.o
LOAD Core/Ethernet/W5300/w5300.o
LOAD Core/Ethernet/W5500/w5500.o
LOAD Core/Ethernet/socket.o
LOAD Core/Ethernet/wizchip_conf.o
LOAD Core/Internet/DHCP/dhcp.o
LOAD Core/Internet/DNS/dns.o
LOAD Core/Internet/FTPClient/ftpc.o
LOAD Core/Internet/FTPServer/ftpd.o
LOAD Core/Internet/MQTT/MQTTClient.o
LOAD Core/Internet/MQTT/mqtt_interface.o
LOAD Core/Internet/MQTT/MQTTPacket/src/MQTTConnectClient.o
LOAD Core/Internet/MQTT/MQTTPacket/src/MQTTConnectServer.o
LOAD Core/Internet/MQTT/MQTTPacket/src/MQTTDeserializePublish.o
LOAD Core/Internet/MQTT/MQTTPacket/src/MQTTFormat.o
LOAD Core/Internet/MQTT/MQTTPacket/src/MQTTPacket.o
LOAD Core/Internet/MQTT/MQTTPacket/src/MQTTSerializePublish.o
LOAD Core/Internet/MQTT/MQTTPacket/src/MQTTSubscribeClient.o
LOAD Core/Internet/MQTT/MQTTPacket/src/MQTTSubscribeServer.o
LOAD Core/Internet/MQTT/MQTTPacket/src/MQTTUnsubscribeClient.o
LOAD Core/Internet/MQTT/MQTTPacket/src/MQTTUnsubscribeServer.o
LOAD Core/Internet/SNMP/snmp.o
LOAD Core/Internet/SNMP/snmp_custom.o
LOAD Core/Internet/SNTP/sntp.o
LOAD Core/Internet/TFTP/netutil.o
LOAD Core/Internet/TFTP/tftp.o
LOAD Core/Internet/httpServer/httpParser.o
LOAD Core/Internet/httpServer/httpServer.o
LOAD Core/Internet/httpServer/httpUtil.o
LOAD Core/Src/dwt_stm32_delay.o
LOAD Core/Src/main.o
LOAD Core/Src/stm32f4xx_hal_msp.o
LOAD Core/Src/stm32f4xx_hal_timebase_tim.o
LOAD Core/Src/stm32f4xx_it.o
LOAD Core/Src/syscalls.o
LOAD Core/Src/sysmem.o
LOAD Core/Src/system_stm32f4xx.o
LOAD Core/Startup/startup_stm32f407vetx.o
LOAD Drivers/STM32F4xx_HAL_Driver/Src/stm32f4xx_hal.o
LOAD Drivers/STM32F4xx_HAL_Driver/Src/stm32f4xx_hal_cortex.o
LOAD Drivers/STM32F4xx_HAL_Driver/Src/stm32f4xx_hal_dma.o
LOAD Drivers/STM32F4xx_HAL_Driver/Src/stm32f4xx_hal_dma_ex.o
LOAD Drivers/STM32F4xx_HAL_Driver/Src/stm32f4xx_hal_exti.o
LOAD Drivers/STM32F4xx_HAL_Driver/Src/stm32f4xx_hal_flash.o
LOAD Drivers/STM32F4xx_HAL_Driver/Src/stm32f4xx_hal_flash_ex.o
LOAD Drivers/STM32F4xx_HAL_Driver/Src/stm32f4xx_hal_flash_ramfunc.o
LOAD Drivers/STM32F4xx_HAL_Driver/Src/stm32f4xx_hal_gpio.o
LOAD Drivers/STM32F4xx_HAL_Driver/Src/stm32f4xx_hal_pwr.o
LOAD Drivers/STM32F4xx_HAL_Driver/Src/stm32f4xx_hal_pwr_ex.o
LOAD Drivers/STM32F4xx_HAL_Driver/Src/stm32f4xx_hal_rcc.o
LOAD Drivers/STM32F4xx_HAL_Driver/Src/stm32f4xx_hal_rcc_ex.o
LOAD Drivers/STM32F4xx_HAL_Driver/Src/stm32f4xx_hal_rtc.o
LOAD Drivers/STM32F4xx_HAL_Driver/Src/stm32f4xx_hal_rtc_ex.o
LOAD Drivers/STM32F4xx_HAL_Driver/Src/stm32f4xx_hal_spi.o
LOAD Drivers/STM32F4xx_HAL_Driver/Src/stm32f4xx_hal_tim.o
LOAD Drivers/STM32F4xx_HAL_Driver/Src/stm32f4xx_hal_tim_ex.o
LOAD Drivers/STM32F4xx_HAL_Driver/Src/stm32f4xx_hal_uart.o
START GROUP
LOAD d:/st/stm32cubeide_1.6.1/stm32cubeide/plugins/com.st.stm32cube.ide.mcu.externaltools.gnu-tools-for-stm32.9-2020-q2-update.win32_1.5.0.202011040924/tools/bin/../lib/gcc/arm-none-eabi/9.3.1/../../../../arm-none-eabi/lib/thumb/v7e-m+fp/hard\libc_nano.a
LOAD d:/st/stm32cubeide_1.6.1/stm32cubeide/plugins/com.st.stm32cube.ide.mcu.externaltools.gnu-tools-for-stm32.9-2020-q2-update.win32_1.5.0.202011040924/tools/bin/../lib/gcc/arm-none-eabi/9.3.1/../../../../arm-none-eabi/lib/thumb/v7e-m+fp/hard\libm.a
END GROUP
START GROUP
LOAD d:/st/stm32cubeide_1.6.1/stm32cubeide/plugins/com.st.stm32cube.ide.mcu.externaltools.gnu-tools-for-stm32.9-2020-q2-update.win32_1.5.0.202011040924/tools/bin/../lib/gcc/arm-none-eabi/9.3.1/thumb/v7e-m+fp/hard\libgcc.a
LOAD d:/st/stm32cubeide_1.6.1/stm32cubeide/plugins/com.st.stm32cube.ide.mcu.externaltools.gnu-tools-for-stm32.9-2020-q2-update.win32_1.5.0.202011040924/tools/bin/../lib/gcc/arm-none-eabi/9.3.1/../../../../arm-none-eabi/lib/thumb/v7e-m+fp/hard\libc_nano.a
END GROUP
START GROUP
LOAD d:/st/stm32cubeide_1.6.1/stm32cubeide/plugins/com.st.stm32cube.ide.mcu.externaltools.gnu-tools-for-stm32.9-2020-q2-update.win32_1.5.0.202011040924/tools/bin/../lib/gcc/arm-none-eabi/9.3.1/thumb/v7e-m+fp/hard\libgcc.a
LOAD d:/st/stm32cubeide_1.6.1/stm32cubeide/plugins/com.st.stm32cube.ide.mcu.externaltools.gnu-tools-for-stm32.9-2020-q2-update.win32_1.5.0.202011040924/tools/bin/../lib/gcc/arm-none-eabi/9.3.1/../../../../arm-none-eabi/lib/thumb/v7e-m+fp/hard\libc_nano.a
LOAD d:/st/stm32cubeide_1.6.1/stm32cubeide/plugins/com.st.stm32cube.ide.mcu.externaltools.gnu-tools-for-stm32.9-2020-q2-update.win32_1.5.0.202011040924/tools/bin/../lib/gcc/arm-none-eabi/9.3.1/../../../../arm-none-eabi/lib/thumb/v7e-m+fp/hard\libnosys.a
END GROUP
START GROUP
LOAD d:/st/stm32cubeide_1.6.1/stm32cubeide/plugins/com.st.stm32cube.ide.mcu.externaltools.gnu-tools-for-stm32.9-2020-q2-update.win32_1.5.0.202011040924/tools/bin/../lib/gcc/arm-none-eabi/9.3.1/thumb/v7e-m+fp/hard\libgcc.a
LOAD d:/st/stm32cubeide_1.6.1/stm32cubeide/plugins/com.st.stm32cube.ide.mcu.externaltools.gnu-tools-for-stm32.9-2020-q2-update.win32_1.5.0.202011040924/tools/bin/../lib/gcc/arm-none-eabi/9.3.1/../../../../arm-none-eabi/lib/thumb/v7e-m+fp/hard\libc_nano.a
LOAD d:/st/stm32cubeide_1.6.1/stm32cubeide/plugins/com.st.stm32cube.ide.mcu.externaltools.gnu-tools-for-stm32.9-2020-q2-update.win32_1.5.0.202011040924/tools/bin/../lib/gcc/arm-none-eabi/9.3.1/../../../../arm-none-eabi/lib/thumb/v7e-m+fp/hard\libnosys.a
END GROUP
LOAD d:/st/stm32cubeide_1.6.1/stm32cubeide/plugins/com.st.stm32cube.ide.mcu.externaltools.gnu-tools-for-stm32.9-2020-q2-update.win32_1.5.0.202011040924/tools/bin/../lib/gcc/arm-none-eabi/9.3.1/thumb/v7e-m+fp/hard/crtend.o
LOAD d:/st/stm32cubeide_1.6.1/stm32cubeide/plugins/com.st.stm32cube.ide.mcu.externaltools.gnu-tools-for-stm32.9-2020-q2-update.win32_1.5.0.202011040924/tools/bin/../lib/gcc/arm-none-eabi/9.3.1/thumb/v7e-m+fp/hard/crtn.o
                0x0000000020020000                _estack = (ORIGIN (RAM) + LENGTH (RAM))
                0x0000000000000200                _Min_Heap_Size = 0x200
                0x0000000000000400                _Min_Stack_Size = 0x400

.isr_vector     0x0000000008000000      0x188
                0x0000000008000000                . = ALIGN (0x4)
 *(.isr_vector)
 .isr_vector    0x0000000008000000      0x188 Core/Startup/startup_stm32f407vetx.o
                0x0000000008000000                g_pfnVectors
                0x0000000008000188                . = ALIGN (0x4)

.text           0x0000000008000190     0x8a0c
                0x0000000008000190                . = ALIGN (0x4)
 *(.text)
 .text          0x0000000008000190       0x40 d:/st/stm32cubeide_1.6.1/stm32cubeide/plugins/com.st.stm32cube.ide.mcu.externaltools.gnu-tools-for-stm32.9-2020-q2-update.win32_1.5.0.202011040924/tools/bin/../lib/gcc/arm-none-eabi/9.3.1/thumb/v7e-m+fp/hard/crtbegin.o
 .text          0x00000000080001d0       0x10 d:/st/stm32cubeide_1.6.1/stm32cubeide/plugins/com.st.stm32cube.ide.mcu.externaltools.gnu-tools-for-stm32.9-2020-q2-update.win32_1.5.0.202011040924/tools/bin/../lib/gcc/arm-none-eabi/9.3.1/../../../../arm-none-eabi/lib/thumb/v7e-m+fp/hard\libc_nano.a(lib_a-strlen.o)
                0x00000000080001d0                strlen
 .text          0x00000000080001e0       0xa0 d:/st/stm32cubeide_1.6.1/stm32cubeide/plugins/com.st.stm32cube.ide.mcu.externaltools.gnu-tools-for-stm32.9-2020-q2-update.win32_1.5.0.202011040924/tools/bin/../lib/gcc/arm-none-eabi/9.3.1/../../../../arm-none-eabi/lib/thumb/v7e-m+fp/hard\libc_nano.a(lib_a-memchr.o)
                0x00000000080001e0                memchr
 .text          0x0000000008000280       0x30 d:/st/stm32cubeide_1.6.1/stm32cubeide/plugins/com.st.stm32cube.ide.mcu.externaltools.gnu-tools-for-stm32.9-2020-q2-update.win32_1.5.0.202011040924/tools/bin/../lib/gcc/arm-none-eabi/9.3.1/thumb/v7e-m+fp/hard\libgcc.a(_aeabi_uldivmod.o)
                0x0000000008000280                __aeabi_uldivmod
 .text          0x00000000080002b0      0x2c4 d:/st/stm32cubeide_1.6.1/stm32cubeide/plugins/com.st.stm32cube.ide.mcu.externaltools.gnu-tools-for-stm32.9-2020-q2-update.win32_1.5.0.202011040924/tools/bin/../lib/gcc/arm-none-eabi/9.3.1/thumb/v7e-m+fp/hard\libgcc.a(_udivmoddi4.o)
                0x00000000080002b0                __udivmoddi4
 .text          0x0000000008000574        0x4 d:/st/stm32cubeide_1.6.1/stm32cubeide/plugins/com.st.stm32cube.ide.mcu.externaltools.gnu-tools-for-stm32.9-2020-q2-update.win32_1.5.0.202011040924/tools/bin/../lib/gcc/arm-none-eabi/9.3.1/thumb/v7e-m+fp/hard\libgcc.a(_dvmd_tls.o)
                0x0000000008000574                __aeabi_idiv0
                0x0000000008000574                __aeabi_ldiv0
 *(.text*)
 .text.WIZCHIP_WRITE
                0x0000000008000578       0x5c Core/Ethernet/W5100/w5100.o
                0x0000000008000578                WIZCHIP_WRITE
 .text.WIZCHIP_READ
                0x00000000080005d4       0x5c Core/Ethernet/W5100/w5100.o
                0x00000000080005d4                WIZCHIP_READ
 .text.WIZCHIP_WRITE_BUF
                0x0000000008000630       0x9c Core/Ethernet/W5100/w5100.o
                0x0000000008000630                WIZCHIP_WRITE_BUF
 .text.WIZCHIP_READ_BUF
                0x00000000080006cc       0x9c Core/Ethernet/W5100/w5100.o
                0x00000000080006cc                WIZCHIP_READ_BUF
 .text.getSn_TX_FSR
                0x0000000008000768       0x86 Core/Ethernet/W5100/w5100.o
                0x0000000008000768                getSn_TX_FSR
 .text.getSn_RX_RSR
                0x00000000080007ee       0x86 Core/Ethernet/W5100/w5100.o
                0x00000000080007ee                getSn_RX_RSR
 .text.getSn_RxBASE
                0x0000000008000874       0x6c Core/Ethernet/W5100/w5100.o
                0x0000000008000874                getSn_RxBASE
 .text.getSn_TxBASE
                0x00000000080008e0       0x6c Core/Ethernet/W5100/w5100.o
                0x00000000080008e0                getSn_TxBASE
 .text.wiz_send_data
                0x000000000800094c      0x172 Core/Ethernet/W5100/w5100.o
                0x000000000800094c                wiz_send_data
 .text.wiz_recv_data
                0x0000000008000abe      0x16c Core/Ethernet/W5100/w5100.o
                0x0000000008000abe                wiz_recv_data
 *fill*         0x0000000008000c2a        0x2 
 .text.socket   0x0000000008000c2c      0x20c Core/Ethernet/socket.o
                0x0000000008000c2c                socket
 .text.close    0x0000000008000e38       0xcc Core/Ethernet/socket.o
                0x0000000008000e38                close
 .text.listen   0x0000000008000f04       0xa0 Core/Ethernet/socket.o
                0x0000000008000f04                listen
 .text.disconnect
                0x0000000008000fa4       0xdc Core/Ethernet/socket.o
                0x0000000008000fa4                disconnect
 .text.send     0x0000000008001080      0x1e8 Core/Ethernet/socket.o
                0x0000000008001080                send
 .text.recv     0x0000000008001268      0x184 Core/Ethernet/socket.o
                0x0000000008001268                recv
 .text.wizchip_cris_enter
                0x00000000080013ec        0xe Core/Ethernet/wizchip_conf.o
                0x00000000080013ec                wizchip_cris_enter
 .text.wizchip_cris_exit
                0x00000000080013fa        0xe Core/Ethernet/wizchip_conf.o
                0x00000000080013fa                wizchip_cris_exit
 .text.wizchip_cs_select
                0x0000000008001408        0xe Core/Ethernet/wizchip_conf.o
                0x0000000008001408                wizchip_cs_select
 .text.wizchip_cs_deselect
                0x0000000008001416        0xe Core/Ethernet/wizchip_conf.o
                0x0000000008001416                wizchip_cs_deselect
 .text.wizchip_bus_readdata
                0x0000000008001424       0x1a Core/Ethernet/wizchip_conf.o
                0x0000000008001424                wizchip_bus_readdata
 .text.wizchip_bus_writedata
                0x000000000800143e       0x1e Core/Ethernet/wizchip_conf.o
                0x000000000800143e                wizchip_bus_writedata
 .text.wizchip_spi_readbyte
                0x000000000800145c       0x10 Core/Ethernet/wizchip_conf.o
                0x000000000800145c                wizchip_spi_readbyte
 .text.wizchip_spi_writebyte
                0x000000000800146c       0x16 Core/Ethernet/wizchip_conf.o
                0x000000000800146c                wizchip_spi_writebyte
 *fill*         0x0000000008001482        0x2 
 .text.reg_wizchip_cs_cbfunc
                0x0000000008001484       0x4c Core/Ethernet/wizchip_conf.o
                0x0000000008001484                reg_wizchip_cs_cbfunc
 .text.reg_wizchip_spi_cbfunc
                0x00000000080014d0       0x58 Core/Ethernet/wizchip_conf.o
                0x00000000080014d0                reg_wizchip_spi_cbfunc
 .text.wizchip_sw_reset
                0x0000000008001528       0x88 Core/Ethernet/wizchip_conf.o
                0x0000000008001528                wizchip_sw_reset
 .text.wizchip_init
                0x00000000080015b0      0x164 Core/Ethernet/wizchip_conf.o
                0x00000000080015b0                wizchip_init
 .text.wizchip_setnetinfo
                0x0000000008001714       0x78 Core/Ethernet/wizchip_conf.o
                0x0000000008001714                wizchip_setnetinfo
 .text.wizchip_getnetinfo
                0x000000000800178c       0x78 Core/Ethernet/wizchip_conf.o
                0x000000000800178c                wizchip_getnetinfo
 .text.DWT_Delay_us
                0x0000000008001804       0x48 Core/Src/main.o
 .text.cs_sel   0x000000000800184c       0x18 Core/Src/main.o
                0x000000000800184c                cs_sel
 .text.cs_desel
                0x0000000008001864       0x18 Core/Src/main.o
                0x0000000008001864                cs_desel
 .text.spi_rb   0x000000000800187c       0x24 Core/Src/main.o
                0x000000000800187c                spi_rb
 .text.spi_wb   0x00000000080018a0       0x24 Core/Src/main.o
                0x00000000080018a0                spi_wb
 .text.HAL_UART_RxCpltCallback
                0x00000000080018c4      0x21c Core/Src/main.o
                0x00000000080018c4                HAL_UART_RxCpltCallback
 .text.HAL_GPIO_EXTI_Callback
                0x0000000008001ae0       0x30 Core/Src/main.o
                0x0000000008001ae0                HAL_GPIO_EXTI_Callback
 .text._write   0x0000000008001b10       0x2c Core/Src/main.o
                0x0000000008001b10                _write
 .text.debugPrint
                0x0000000008001b3c       0x26 Core/Src/main.o
                0x0000000008001b3c                debugPrint
 .text.debugPrintln
                0x0000000008001b62       0x3a Core/Src/main.o
                0x0000000008001b62                debugPrintln
 .text.main     0x0000000008001b9c      0x5dc Core/Src/main.o
                0x0000000008001b9c                main
 .text.SystemClock_Config
                0x0000000008002178      0x100 Core/Src/main.o
                0x0000000008002178                SystemClock_Config
 .text.MX_NVIC_Init
                0x0000000008002278       0x28 Core/Src/main.o
 .text.MX_RTC_Init
                0x00000000080022a0       0xb4 Core/Src/main.o
 .text.MX_SPI1_Init
                0x0000000008002354       0xbc Core/Src/main.o
 .text.MX_TIM1_Init
                0x0000000008002410       0xd0 Core/Src/main.o
 .text.MX_TIM7_Init
                0x00000000080024e0       0x6c Core/Src/main.o
 .text.MX_UART4_Init
                0x000000000800254c       0x54 Core/Src/main.o
 .text.MX_UART5_Init
                0x00000000080025a0       0x54 Core/Src/main.o
 .text.MX_USART1_UART_Init
                0x00000000080025f4       0x54 Core/Src/main.o
 .text.MX_USART2_UART_Init
                0x0000000008002648       0x54 Core/Src/main.o
 .text.MX_USART3_UART_Init
                0x000000000800269c       0x54 Core/Src/main.o
 .text.MX_USART6_UART_Init
                0x00000000080026f0       0x58 Core/Src/main.o
 .text.MX_DMA_Init
                0x0000000008002748       0x50 Core/Src/main.o
 .text.MX_GPIO_Init
                0x0000000008002798      0x1c0 Core/Src/main.o
 .text.Sync_out
                0x0000000008002958       0x60 Core/Src/main.o
                0x0000000008002958                Sync_out
 .text.SubStr   0x00000000080029b8       0x86 Core/Src/main.o
                0x00000000080029b8                SubStr
 *fill*         0x0000000008002a3e        0x2 
 .text.loopback_tcps
                0x0000000008002a40      0x20c Core/Src/main.o
                0x0000000008002a40                loopback_tcps
 .text.HAL_TIM_PeriodElapsedCallback
                0x0000000008002c4c       0x24 Core/Src/main.o
                0x0000000008002c4c                HAL_TIM_PeriodElapsedCallback
 .text.Error_Handler
                0x0000000008002c70        0xa Core/Src/main.o
                0x0000000008002c70                Error_Handler
 *fill*         0x0000000008002c7a        0x2 
 .text.HAL_MspInit
                0x0000000008002c7c       0x50 Core/Src/stm32f4xx_hal_msp.o
                0x0000000008002c7c                HAL_MspInit
 .text.HAL_RTC_MspInit
                0x0000000008002ccc       0x2c Core/Src/stm32f4xx_hal_msp.o
                0x0000000008002ccc                HAL_RTC_MspInit
 .text.HAL_SPI_MspInit
                0x0000000008002cf8      0x16c Core/Src/stm32f4xx_hal_msp.o
                0x0000000008002cf8                HAL_SPI_MspInit
 .text.HAL_TIM_Base_MspInit
                0x0000000008002e64       0x7c Core/Src/stm32f4xx_hal_msp.o
                0x0000000008002e64                HAL_TIM_Base_MspInit
 .text.HAL_UART_MspInit
                0x0000000008002ee0      0x330 Core/Src/stm32f4xx_hal_msp.o
                0x0000000008002ee0                HAL_UART_MspInit
 .text.HAL_InitTick
                0x0000000008003210       0xb4 Core/Src/stm32f4xx_hal_timebase_tim.o
                0x0000000008003210                HAL_InitTick
 .text.NMI_Handler
                0x00000000080032c4        0x6 Core/Src/stm32f4xx_it.o
                0x00000000080032c4                NMI_Handler
 .text.HardFault_Handler
                0x00000000080032ca        0x6 Core/Src/stm32f4xx_it.o
                0x00000000080032ca                HardFault_Handler
 .text.MemManage_Handler
                0x00000000080032d0        0x6 Core/Src/stm32f4xx_it.o
                0x00000000080032d0                MemManage_Handler
 .text.BusFault_Handler
                0x00000000080032d6        0x6 Core/Src/stm32f4xx_it.o
                0x00000000080032d6                BusFault_Handler
 .text.UsageFault_Handler
                0x00000000080032dc        0x6 Core/Src/stm32f4xx_it.o
                0x00000000080032dc                UsageFault_Handler
 .text.SVC_Handler
                0x00000000080032e2        0xe Core/Src/stm32f4xx_it.o
                0x00000000080032e2                SVC_Handler
 .text.DebugMon_Handler
                0x00000000080032f0        0xe Core/Src/stm32f4xx_it.o
                0x00000000080032f0                DebugMon_Handler
 .text.PendSV_Handler
                0x00000000080032fe        0xe Core/Src/stm32f4xx_it.o
                0x00000000080032fe                PendSV_Handler
 .text.SysTick_Handler
                0x000000000800330c        0xe Core/Src/stm32f4xx_it.o
                0x000000000800330c                SysTick_Handler
 .text.EXTI9_5_IRQHandler
                0x000000000800331a        0xe Core/Src/stm32f4xx_it.o
                0x000000000800331a                EXTI9_5_IRQHandler
 .text.SPI1_IRQHandler
                0x0000000008003328       0x14 Core/Src/stm32f4xx_it.o
                0x0000000008003328                SPI1_IRQHandler
 .text.USART1_IRQHandler
                0x000000000800333c       0x14 Core/Src/stm32f4xx_it.o
                0x000000000800333c                USART1_IRQHandler
 .text.USART2_IRQHandler
                0x0000000008003350       0x14 Core/Src/stm32f4xx_it.o
                0x0000000008003350                USART2_IRQHandler
 .text.USART3_IRQHandler
                0x0000000008003364       0x14 Core/Src/stm32f4xx_it.o
                0x0000000008003364                USART3_IRQHandler
 .text.UART4_IRQHandler
                0x0000000008003378       0x14 Core/Src/stm32f4xx_it.o
                0x0000000008003378                UART4_IRQHandler
 .text.UART5_IRQHandler
                0x000000000800338c       0x14 Core/Src/stm32f4xx_it.o
                0x000000000800338c                UART5_IRQHandler
 .text.TIM6_DAC_IRQHandler
                0x00000000080033a0       0x14 Core/Src/stm32f4xx_it.o
                0x00000000080033a0                TIM6_DAC_IRQHandler
 .text.TIM7_IRQHandler
                0x00000000080033b4       0x14 Core/Src/stm32f4xx_it.o
                0x00000000080033b4                TIM7_IRQHandler
 .text.DMA2_Stream0_IRQHandler
                0x00000000080033c8       0x14 Core/Src/stm32f4xx_it.o
                0x00000000080033c8                DMA2_Stream0_IRQHandler
 .text.DMA2_Stream3_IRQHandler
                0x00000000080033dc       0x14 Core/Src/stm32f4xx_it.o
                0x00000000080033dc                DMA2_Stream3_IRQHandler
 .text.USART6_IRQHandler
                0x00000000080033f0       0x14 Core/Src/stm32f4xx_it.o
                0x00000000080033f0                USART6_IRQHandler
 .text._read    0x0000000008003404       0x3a Core/Src/syscalls.o
                0x0000000008003404                _read
 .text._close   0x000000000800343e       0x18 Core/Src/syscalls.o
                0x000000000800343e                _close
 .text._fstat   0x0000000008003456       0x20 Core/Src/syscalls.o
                0x0000000008003456                _fstat
 .text._isatty  0x0000000008003476       0x16 Core/Src/syscalls.o
                0x0000000008003476                _isatty
 .text._lseek   0x000000000800348c       0x1a Core/Src/syscalls.o
                0x000000000800348c                _lseek
 *fill*         0x00000000080034a6        0x2 
 .text._sbrk    0x00000000080034a8       0x6c Core/Src/sysmem.o
                0x00000000080034a8                _sbrk
 .text.SystemInit
                0x0000000008003514       0x24 Core/Src/system_stm32f4xx.o
                0x0000000008003514                SystemInit
 .text.Reset_Handler
                0x0000000008003538       0x50 Core/Startup/startup_stm32f407vetx.o
                0x0000000008003538                Reset_Handler
 .text.Default_Handler
                0x0000000008003588        0x2 Core/Startup/startup_stm32f407vetx.o
                0x0000000008003588                RTC_Alarm_IRQHandler
                0x0000000008003588                HASH_RNG_IRQHandler
                0x0000000008003588                EXTI2_IRQHandler
                0x0000000008003588                TIM8_CC_IRQHandler
                0x0000000008003588                TIM1_CC_IRQHandler
                0x0000000008003588                DMA2_Stream5_IRQHandler
                0x0000000008003588                DMA1_Stream5_IRQHandler
                0x0000000008003588                PVD_IRQHandler
                0x0000000008003588                SDIO_IRQHandler
                0x0000000008003588                TAMP_STAMP_IRQHandler
                0x0000000008003588                CAN2_RX1_IRQHandler
                0x0000000008003588                EXTI3_IRQHandler
                0x0000000008003588                TIM8_TRG_COM_TIM14_IRQHandler
                0x0000000008003588                TIM1_UP_TIM10_IRQHandler
                0x0000000008003588                TIM8_UP_TIM13_IRQHandler
                0x0000000008003588                I2C3_ER_IRQHandler
                0x0000000008003588                EXTI0_IRQHandler
                0x0000000008003588                I2C2_EV_IRQHandler
                0x0000000008003588                DMA1_Stream2_IRQHandler
                0x0000000008003588                CAN1_RX0_IRQHandler
                0x0000000008003588                FPU_IRQHandler
                0x0000000008003588                OTG_HS_WKUP_IRQHandler
                0x0000000008003588                CAN2_SCE_IRQHandler
                0x0000000008003588                DMA2_Stream2_IRQHandler
                0x0000000008003588                TIM1_BRK_TIM9_IRQHandler
                0x0000000008003588                DCMI_IRQHandler
                0x0000000008003588                CAN2_RX0_IRQHandler
                0x0000000008003588                CAN1_RX1_IRQHandler
                0x0000000008003588                TIM4_IRQHandler
                0x0000000008003588                I2C1_EV_IRQHandler
                0x0000000008003588                DMA1_Stream6_IRQHandler
                0x0000000008003588                DMA1_Stream1_IRQHandler
                0x0000000008003588                TIM3_IRQHandler
                0x0000000008003588                RCC_IRQHandler
                0x0000000008003588                TIM8_BRK_TIM12_IRQHandler
                0x0000000008003588                Default_Handler
                0x0000000008003588                EXTI15_10_IRQHandler
                0x0000000008003588                ADC_IRQHandler
                0x0000000008003588                DMA1_Stream7_IRQHandler
                0x0000000008003588                CAN2_TX_IRQHandler
                0x0000000008003588                TIM5_IRQHandler
                0x0000000008003588                DMA2_Stream7_IRQHandler
                0x0000000008003588                I2C3_EV_IRQHandler
                0x0000000008003588                RTC_WKUP_IRQHandler
                0x0000000008003588                ETH_WKUP_IRQHandler
                0x0000000008003588                SPI2_IRQHandler
                0x0000000008003588                OTG_HS_EP1_IN_IRQHandler
                0x0000000008003588                DMA1_Stream0_IRQHandler
                0x0000000008003588                CAN1_TX_IRQHandler
                0x0000000008003588                EXTI4_IRQHandler
                0x0000000008003588                FSMC_IRQHandler
                0x0000000008003588                ETH_IRQHandler
                0x0000000008003588                OTG_HS_EP1_OUT_IRQHandler
                0x0000000008003588                WWDG_IRQHandler
                0x0000000008003588                TIM2_IRQHandler
                0x0000000008003588                OTG_FS_WKUP_IRQHandler
                0x0000000008003588                TIM1_TRG_COM_TIM11_IRQHandler
                0x0000000008003588                OTG_HS_IRQHandler
                0x0000000008003588                EXTI1_IRQHandler
                0x0000000008003588                I2C2_ER_IRQHandler
                0x0000000008003588                DMA2_Stream1_IRQHandler
                0x0000000008003588                CAN1_SCE_IRQHandler
                0x0000000008003588                FLASH_IRQHandler
                0x0000000008003588                DMA2_Stream4_IRQHandler
                0x0000000008003588                OTG_FS_IRQHandler
                0x0000000008003588                SPI3_IRQHandler
                0x0000000008003588                DMA1_Stream4_IRQHandler
                0x0000000008003588                I2C1_ER_IRQHandler
                0x0000000008003588                DMA2_Stream6_IRQHandler
                0x0000000008003588                DMA1_Stream3_IRQHandler
 *fill*         0x000000000800358a        0x2 
 .text.HAL_Init
                0x000000000800358c       0x44 Drivers/STM32F4xx_HAL_Driver/Src/stm32f4xx_hal.o
                0x000000000800358c                HAL_Init
 .text.HAL_IncTick
                0x00000000080035d0       0x28 Drivers/STM32F4xx_HAL_Driver/Src/stm32f4xx_hal.o
                0x00000000080035d0                HAL_IncTick
 .text.HAL_GetTick
                0x00000000080035f8       0x18 Drivers/STM32F4xx_HAL_Driver/Src/stm32f4xx_hal.o
                0x00000000080035f8                HAL_GetTick
 .text.__NVIC_SetPriorityGrouping
                0x0000000008003610       0x48 Drivers/STM32F4xx_HAL_Driver/Src/stm32f4xx_hal_cortex.o
 .text.__NVIC_GetPriorityGrouping
                0x0000000008003658       0x1c Drivers/STM32F4xx_HAL_Driver/Src/stm32f4xx_hal_cortex.o
 .text.__NVIC_EnableIRQ
                0x0000000008003674       0x3c Drivers/STM32F4xx_HAL_Driver/Src/stm32f4xx_hal_cortex.o
 .text.__NVIC_SetPriority
                0x00000000080036b0       0x54 Drivers/STM32F4xx_HAL_Driver/Src/stm32f4xx_hal_cortex.o
 .text.NVIC_EncodePriority
                0x0000000008003704       0x66 Drivers/STM32F4xx_HAL_Driver/Src/stm32f4xx_hal_cortex.o
 .text.HAL_NVIC_SetPriorityGrouping
                0x000000000800376a       0x16 Drivers/STM32F4xx_HAL_Driver/Src/stm32f4xx_hal_cortex.o
                0x000000000800376a                HAL_NVIC_SetPriorityGrouping
 .text.HAL_NVIC_SetPriority
                0x0000000008003780       0x38 Drivers/STM32F4xx_HAL_Driver/Src/stm32f4xx_hal_cortex.o
                0x0000000008003780                HAL_NVIC_SetPriority
 .text.HAL_NVIC_EnableIRQ
                0x00000000080037b8       0x1c Drivers/STM32F4xx_HAL_Driver/Src/stm32f4xx_hal_cortex.o
                0x00000000080037b8                HAL_NVIC_EnableIRQ
 .text.HAL_DMA_Init
                0x00000000080037d4      0x15c Drivers/STM32F4xx_HAL_Driver/Src/stm32f4xx_hal_dma.o
                0x00000000080037d4                HAL_DMA_Init
 .text.HAL_DMA_Abort
                0x0000000008003930       0xe0 Drivers/STM32F4xx_HAL_Driver/Src/stm32f4xx_hal_dma.o
                0x0000000008003930                HAL_DMA_Abort
 .text.HAL_DMA_Abort_IT
                0x0000000008003a10       0x44 Drivers/STM32F4xx_HAL_Driver/Src/stm32f4xx_hal_dma.o
                0x0000000008003a10                HAL_DMA_Abort_IT
 .text.HAL_DMA_IRQHandler
                0x0000000008003a54      0x314 Drivers/STM32F4xx_HAL_Driver/Src/stm32f4xx_hal_dma.o
                0x0000000008003a54                HAL_DMA_IRQHandler
 .text.DMA_CalcBaseAndBitshift
                0x0000000008003d68       0x6c Drivers/STM32F4xx_HAL_Driver/Src/stm32f4xx_hal_dma.o
 .text.DMA_CheckFifoParam
                0x0000000008003dd4       0xf8 Drivers/STM32F4xx_HAL_Driver/Src/stm32f4xx_hal_dma.o
 .text.HAL_GPIO_Init
                0x0000000008003ecc      0x338 Drivers/STM32F4xx_HAL_Driver/Src/stm32f4xx_hal_gpio.o
                0x0000000008003ecc                HAL_GPIO_Init
 .text.HAL_GPIO_ReadPin
                0x0000000008004204       0x30 Drivers/STM32F4xx_HAL_Driver/Src/stm32f4xx_hal_gpio.o
                0x0000000008004204                HAL_GPIO_ReadPin
 .text.HAL_GPIO_WritePin
                0x0000000008004234       0x32 Drivers/STM32F4xx_HAL_Driver/Src/stm32f4xx_hal_gpio.o
                0x0000000008004234                HAL_GPIO_WritePin
 *fill*         0x0000000008004266        0x2 
 .text.HAL_GPIO_EXTI_IRQHandler
                0x0000000008004268       0x30 Drivers/STM32F4xx_HAL_Driver/Src/stm32f4xx_hal_gpio.o
                0x0000000008004268                HAL_GPIO_EXTI_IRQHandler
 .text.HAL_RCC_OscConfig
                0x0000000008004298      0x4f0 Drivers/STM32F4xx_HAL_Driver/Src/stm32f4xx_hal_rcc.o
                0x0000000008004298                HAL_RCC_OscConfig
 .text.HAL_RCC_ClockConfig
                0x0000000008004788      0x1cc Drivers/STM32F4xx_HAL_Driver/Src/stm32f4xx_hal_rcc.o
                0x0000000008004788                HAL_RCC_ClockConfig
 .text.HAL_RCC_GetSysClockFreq
                0x0000000008004954      0x16c Drivers/STM32F4xx_HAL_Driver/Src/stm32f4xx_hal_rcc.o
                0x0000000008004954                HAL_RCC_GetSysClockFreq
 .text.HAL_RCC_GetHCLKFreq
                0x0000000008004ac0       0x18 Drivers/STM32F4xx_HAL_Driver/Src/stm32f4xx_hal_rcc.o
                0x0000000008004ac0                HAL_RCC_GetHCLKFreq
 .text.HAL_RCC_GetPCLK1Freq
                0x0000000008004ad8       0x28 Drivers/STM32F4xx_HAL_Driver/Src/stm32f4xx_hal_rcc.o
                0x0000000008004ad8                HAL_RCC_GetPCLK1Freq
 .text.HAL_RCC_GetPCLK2Freq
                0x0000000008004b00       0x28 Drivers/STM32F4xx_HAL_Driver/Src/stm32f4xx_hal_rcc.o
                0x0000000008004b00                HAL_RCC_GetPCLK2Freq
 .text.HAL_RCC_GetClockConfig
                0x0000000008004b28       0x64 Drivers/STM32F4xx_HAL_Driver/Src/stm32f4xx_hal_rcc.o
                0x0000000008004b28                HAL_RCC_GetClockConfig
 .text.HAL_RCCEx_PeriphCLKConfig
                0x0000000008004b8c      0x1c4 Drivers/STM32F4xx_HAL_Driver/Src/stm32f4xx_hal_rcc_ex.o
                0x0000000008004b8c                HAL_RCCEx_PeriphCLKConfig
 .text.HAL_RTC_Init
                0x0000000008004d50      0x122 Drivers/STM32F4xx_HAL_Driver/Src/stm32f4xx_hal_rtc.o
                0x0000000008004d50                HAL_RTC_Init
 .text.HAL_RTC_SetTime
                0x0000000008004e72      0x17a Drivers/STM32F4xx_HAL_Driver/Src/stm32f4xx_hal_rtc.o
                0x0000000008004e72                HAL_RTC_SetTime
 .text.HAL_RTC_SetDate
                0x0000000008004fec      0x14e Drivers/STM32F4xx_HAL_Driver/Src/stm32f4xx_hal_rtc.o
                0x0000000008004fec                HAL_RTC_SetDate
 .text.HAL_RTC_WaitForSynchro
                0x000000000800513a       0x50 Drivers/STM32F4xx_HAL_Driver/Src/stm32f4xx_hal_rtc.o
                0x000000000800513a                HAL_RTC_WaitForSynchro
 .text.RTC_EnterInitMode
                0x000000000800518a       0x58 Drivers/STM32F4xx_HAL_Driver/Src/stm32f4xx_hal_rtc.o
                0x000000000800518a                RTC_EnterInitMode
 .text.RTC_ByteToBcd2
                0x00000000080051e2       0x3c Drivers/STM32F4xx_HAL_Driver/Src/stm32f4xx_hal_rtc.o
                0x00000000080051e2                RTC_ByteToBcd2
 .text.HAL_SPI_Init
                0x000000000800521e      0x112 Drivers/STM32F4xx_HAL_Driver/Src/stm32f4xx_hal_spi.o
                0x000000000800521e                HAL_SPI_Init
 .text.HAL_SPI_Transmit
                0x0000000008005330      0x278 Drivers/STM32F4xx_HAL_Driver/Src/stm32f4xx_hal_spi.o
                0x0000000008005330                HAL_SPI_Transmit
 .text.HAL_SPI_Receive
                0x00000000080055a8      0x222 Drivers/STM32F4xx_HAL_Driver/Src/stm32f4xx_hal_spi.o
                0x00000000080055a8                HAL_SPI_Receive
 .text.HAL_SPI_TransmitReceive
                0x00000000080057ca      0x344 Drivers/STM32F4xx_HAL_Driver/Src/stm32f4xx_hal_spi.o
                0x00000000080057ca                HAL_SPI_TransmitReceive
 *fill*         0x0000000008005b0e        0x2 
 .text.HAL_SPI_IRQHandler
                0x0000000008005b10      0x200 Drivers/STM32F4xx_HAL_Driver/Src/stm32f4xx_hal_spi.o
                0x0000000008005b10                HAL_SPI_IRQHandler
 .text.HAL_SPI_ErrorCallback
                0x0000000008005d10       0x14 Drivers/STM32F4xx_HAL_Driver/Src/stm32f4xx_hal_spi.o
                0x0000000008005d10                HAL_SPI_ErrorCallback
 .text.SPI_DMAAbortOnError
                0x0000000008005d24       0x28 Drivers/STM32F4xx_HAL_Driver/Src/stm32f4xx_hal_spi.o
 .text.SPI_WaitFlagStateUntilTimeout
                0x0000000008005d4c      0x110 Drivers/STM32F4xx_HAL_Driver/Src/stm32f4xx_hal_spi.o
 .text.SPI_EndRxTransaction
                0x0000000008005e5c       0xca Drivers/STM32F4xx_HAL_Driver/Src/stm32f4xx_hal_spi.o
 *fill*         0x0000000008005f26        0x2 
 .text.SPI_EndRxTxTransaction
                0x0000000008005f28       0x84 Drivers/STM32F4xx_HAL_Driver/Src/stm32f4xx_hal_spi.o
 .text.HAL_TIM_Base_Init
                0x0000000008005fac       0x9e Drivers/STM32F4xx_HAL_Driver/Src/stm32f4xx_hal_tim.o
                0x0000000008005fac                HAL_TIM_Base_Init
 *fill*         0x000000000800604a        0x2 
 .text.HAL_TIM_Base_Start_IT
                0x000000000800604c       0xe0 Drivers/STM32F4xx_HAL_Driver/Src/stm32f4xx_hal_tim.o
                0x000000000800604c                HAL_TIM_Base_Start_IT
 .text.HAL_TIM_IRQHandler
                0x000000000800612c      0x210 Drivers/STM32F4xx_HAL_Driver/Src/stm32f4xx_hal_tim.o
                0x000000000800612c                HAL_TIM_IRQHandler
 .text.HAL_TIM_ConfigClockSource
                0x000000000800633c      0x188 Drivers/STM32F4xx_HAL_Driver/Src/stm32f4xx_hal_tim.o
                0x000000000800633c                HAL_TIM_ConfigClockSource
 .text.HAL_TIM_SlaveConfigSynchro
                0x00000000080064c4       0x84 Drivers/STM32F4xx_HAL_Driver/Src/stm32f4xx_hal_tim.o
                0x00000000080064c4                HAL_TIM_SlaveConfigSynchro
 .text.HAL_TIM_OC_DelayElapsedCallback
                0x0000000008006548       0x14 Drivers/STM32F4xx_HAL_Driver/Src/stm32f4xx_hal_tim.o
                0x0000000008006548                HAL_TIM_OC_DelayElapsedCallback
 .text.HAL_TIM_IC_CaptureCallback
                0x000000000800655c       0x14 Drivers/STM32F4xx_HAL_Driver/Src/stm32f4xx_hal_tim.o
                0x000000000800655c                HAL_TIM_IC_CaptureCallback
 .text.HAL_TIM_PWM_PulseFinishedCallback
                0x0000000008006570       0x14 Drivers/STM32F4xx_HAL_Driver/Src/stm32f4xx_hal_tim.o
                0x0000000008006570                HAL_TIM_PWM_PulseFinishedCallback
 .text.HAL_TIM_TriggerCallback
                0x0000000008006584       0x14 Drivers/STM32F4xx_HAL_Driver/Src/stm32f4xx_hal_tim.o
                0x0000000008006584                HAL_TIM_TriggerCallback
 .text.TIM_Base_SetConfig
                0x0000000008006598      0x140 Drivers/STM32F4xx_HAL_Driver/Src/stm32f4xx_hal_tim.o
                0x0000000008006598                TIM_Base_SetConfig
 .text.TIM_SlaveTimer_SetConfig
                0x00000000080066d8      0x11c Drivers/STM32F4xx_HAL_Driver/Src/stm32f4xx_hal_tim.o
 .text.TIM_TI1_ConfigInputStage
                0x00000000080067f4       0x5e Drivers/STM32F4xx_HAL_Driver/Src/stm32f4xx_hal_tim.o
 .text.TIM_TI2_ConfigInputStage
                0x0000000008006852       0x60 Drivers/STM32F4xx_HAL_Driver/Src/stm32f4xx_hal_tim.o
 .text.TIM_ITRx_SetConfig
                0x00000000080068b2       0x36 Drivers/STM32F4xx_HAL_Driver/Src/stm32f4xx_hal_tim.o
 .text.TIM_ETR_SetConfig
                0x00000000080068e8       0x40 Drivers/STM32F4xx_HAL_Driver/Src/stm32f4xx_hal_tim.o
                0x00000000080068e8                TIM_ETR_SetConfig
 .text.HAL_TIMEx_MasterConfigSynchronization
                0x0000000008006928       0xf8 Drivers/STM32F4xx_HAL_Driver/Src/stm32f4xx_hal_tim_ex.o
                0x0000000008006928                HAL_TIMEx_MasterConfigSynchronization
 .text.HAL_TIMEx_CommutCallback
                0x0000000008006a20       0x14 Drivers/STM32F4xx_HAL_Driver/Src/stm32f4xx_hal_tim_ex.o
                0x0000000008006a20                HAL_TIMEx_CommutCallback
 .text.HAL_TIMEx_BreakCallback
                0x0000000008006a34       0x14 Drivers/STM32F4xx_HAL_Driver/Src/stm32f4xx_hal_tim_ex.o
                0x0000000008006a34                HAL_TIMEx_BreakCallback
 .text.HAL_UART_Init
                0x0000000008006a48       0x9a Drivers/STM32F4xx_HAL_Driver/Src/stm32f4xx_hal_uart.o
                0x0000000008006a48                HAL_UART_Init
 .text.HAL_UART_Transmit
                0x0000000008006ae2      0x124 Drivers/STM32F4xx_HAL_Driver/Src/stm32f4xx_hal_uart.o
                0x0000000008006ae2                HAL_UART_Transmit
 .text.HAL_UART_Receive_IT
                0x0000000008006c06       0x60 Drivers/STM32F4xx_HAL_Driver/Src/stm32f4xx_hal_uart.o
                0x0000000008006c06                HAL_UART_Receive_IT
 *fill*         0x0000000008006c66        0x2 
 .text.HAL_UART_IRQHandler
                0x0000000008006c68      0x358 Drivers/STM32F4xx_HAL_Driver/Src/stm32f4xx_hal_uart.o
                0x0000000008006c68                HAL_UART_IRQHandler
 .text.HAL_UART_TxCpltCallback
                0x0000000008006fc0       0x14 Drivers/STM32F4xx_HAL_Driver/Src/stm32f4xx_hal_uart.o
                0x0000000008006fc0                HAL_UART_TxCpltCallback
 .text.HAL_UART_ErrorCallback
                0x0000000008006fd4       0x14 Drivers/STM32F4xx_HAL_Driver/Src/stm32f4xx_hal_uart.o
                0x0000000008006fd4                HAL_UART_ErrorCallback
 .text.HAL_UARTEx_RxEventCallback
                0x0000000008006fe8       0x18 Drivers/STM32F4xx_HAL_Driver/Src/stm32f4xx_hal_uart.o
                0x0000000008006fe8                HAL_UARTEx_RxEventCallback
 .text.UART_WaitOnFlagUntilTimeout
                0x0000000008007000       0x94 Drivers/STM32F4xx_HAL_Driver/Src/stm32f4xx_hal_uart.o
 .text.UART_Start_Receive_IT
                0x0000000008007094       0x74 Drivers/STM32F4xx_HAL_Driver/Src/stm32f4xx_hal_uart.o
                0x0000000008007094                UART_Start_Receive_IT
 .text.UART_EndRxTransfer
                0x0000000008007108       0x5a Drivers/STM32F4xx_HAL_Driver/Src/stm32f4xx_hal_uart.o
 .text.UART_DMAAbortOnError
                0x0000000008007162       0x28 Drivers/STM32F4xx_HAL_Driver/Src/stm32f4xx_hal_uart.o
 .text.UART_Transmit_IT
                0x000000000800718a       0xa0 Drivers/STM32F4xx_HAL_Driver/Src/stm32f4xx_hal_uart.o
 .text.UART_EndTransmit_IT
                0x000000000800722a       0x30 Drivers/STM32F4xx_HAL_Driver/Src/stm32f4xx_hal_uart.o
 .text.UART_Receive_IT
                0x000000000800725a      0x12e Drivers/STM32F4xx_HAL_Driver/Src/stm32f4xx_hal_uart.o
 .text.UART_SetConfig
                0x0000000008007388      0x390 Drivers/STM32F4xx_HAL_Driver/Src/stm32f4xx_hal_uart.o
 .text.__errno  0x0000000008007718        0xc d:/st/stm32cubeide_1.6.1/stm32cubeide/plugins/com.st.stm32cube.ide.mcu.externaltools.gnu-tools-for-stm32.9-2020-q2-update.win32_1.5.0.202011040924/tools/bin/../lib/gcc/arm-none-eabi/9.3.1/../../../../arm-none-eabi/lib/thumb/v7e-m+fp/hard\libc_nano.a(lib_a-errno.o)
                0x0000000008007718                __errno
 .text.__libc_init_array
                0x0000000008007724       0x48 d:/st/stm32cubeide_1.6.1/stm32cubeide/plugins/com.st.stm32cube.ide.mcu.externaltools.gnu-tools-for-stm32.9-2020-q2-update.win32_1.5.0.202011040924/tools/bin/../lib/gcc/arm-none-eabi/9.3.1/../../../../arm-none-eabi/lib/thumb/v7e-m+fp/hard\libc_nano.a(lib_a-init.o)
                0x0000000008007724                __libc_init_array
 .text.malloc   0x000000000800776c       0x10 d:/st/stm32cubeide_1.6.1/stm32cubeide/plugins/com.st.stm32cube.ide.mcu.externaltools.gnu-tools-for-stm32.9-2020-q2-update.win32_1.5.0.202011040924/tools/bin/../lib/gcc/arm-none-eabi/9.3.1/../../../../arm-none-eabi/lib/thumb/v7e-m+fp/hard\libc_nano.a(lib_a-malloc.o)
                0x000000000800776c                malloc
 .text.memcpy   0x000000000800777c       0x1c d:/st/stm32cubeide_1.6.1/stm32cubeide/plugins/com.st.stm32cube.ide.mcu.externaltools.gnu-tools-for-stm32.9-2020-q2-update.win32_1.5.0.202011040924/tools/bin/../lib/gcc/arm-none-eabi/9.3.1/../../../../arm-none-eabi/lib/thumb/v7e-m+fp/hard\libc_nano.a(lib_a-memcpy-stub.o)
                0x000000000800777c                memcpy
 .text.memset   0x0000000008007798       0x10 d:/st/stm32cubeide_1.6.1/stm32cubeide/plugins/com.st.stm32cube.ide.mcu.externaltools.gnu-tools-for-stm32.9-2020-q2-update.win32_1.5.0.202011040924/tools/bin/../lib/gcc/arm-none-eabi/9.3.1/../../../../arm-none-eabi/lib/thumb/v7e-m+fp/hard\libc_nano.a(lib_a-memset.o)
                0x0000000008007798                memset
 .text._free_r  0x00000000080077a8       0xa0 d:/st/stm32cubeide_1.6.1/stm32cubeide/plugins/com.st.stm32cube.ide.mcu.externaltools.gnu-tools-for-stm32.9-2020-q2-update.win32_1.5.0.202011040924/tools/bin/../lib/gcc/arm-none-eabi/9.3.1/../../../../arm-none-eabi/lib/thumb/v7e-m+fp/hard\libc_nano.a(lib_a-nano-freer.o)
                0x00000000080077a8                _free_r
 .text._malloc_r
                0x0000000008007848       0xb4 d:/st/stm32cubeide_1.6.1/stm32cubeide/plugins/com.st.stm32cube.ide.mcu.externaltools.gnu-tools-for-stm32.9-2020-q2-update.win32_1.5.0.202011040924/tools/bin/../lib/gcc/arm-none-eabi/9.3.1/../../../../arm-none-eabi/lib/thumb/v7e-m+fp/hard\libc_nano.a(lib_a-nano-mallocr.o)
                0x0000000008007848                _malloc_r
 .text.printf   0x00000000080078fc       0x30 d:/st/stm32cubeide_1.6.1/stm32cubeide/plugins/com.st.stm32cube.ide.mcu.externaltools.gnu-tools-for-stm32.9-2020-q2-update.win32_1.5.0.202011040924/tools/bin/../lib/gcc/arm-none-eabi/9.3.1/../../../../arm-none-eabi/lib/thumb/v7e-m+fp/hard\libc_nano.a(lib_a-printf.o)
                0x00000000080078fc                iprintf
                0x00000000080078fc                printf
 .text.putchar  0x000000000800792c       0x2c d:/st/stm32cubeide_1.6.1/stm32cubeide/plugins/com.st.stm32cube.ide.mcu.externaltools.gnu-tools-for-stm32.9-2020-q2-update.win32_1.5.0.202011040924/tools/bin/../lib/gcc/arm-none-eabi/9.3.1/../../../../arm-none-eabi/lib/thumb/v7e-m+fp/hard\libc_nano.a(lib_a-putchar.o)
                0x000000000800792c                putchar
 .text._puts_r  0x0000000008007958       0xdc d:/st/stm32cubeide_1.6.1/stm32cubeide/plugins/com.st.stm32cube.ide.mcu.externaltools.gnu-tools-for-stm32.9-2020-q2-update.win32_1.5.0.202011040924/tools/bin/../lib/gcc/arm-none-eabi/9.3.1/../../../../arm-none-eabi/lib/thumb/v7e-m+fp/hard\libc_nano.a(lib_a-puts.o)
                0x0000000008007958                _puts_r
 .text.puts     0x0000000008007a34       0x10 d:/st/stm32cubeide_1.6.1/stm32cubeide/plugins/com.st.stm32cube.ide.mcu.externaltools.gnu-tools-for-stm32.9-2020-q2-update.win32_1.5.0.202011040924/tools/bin/../lib/gcc/arm-none-eabi/9.3.1/../../../../arm-none-eabi/lib/thumb/v7e-m+fp/hard\libc_nano.a(lib_a-puts.o)
                0x0000000008007a34                puts
 .text._sbrk_r  0x0000000008007a44       0x20 d:/st/stm32cubeide_1.6.1/stm32cubeide/plugins/com.st.stm32cube.ide.mcu.externaltools.gnu-tools-for-stm32.9-2020-q2-update.win32_1.5.0.202011040924/tools/bin/../lib/gcc/arm-none-eabi/9.3.1/../../../../arm-none-eabi/lib/thumb/v7e-m+fp/hard\libc_nano.a(lib_a-sbrkr.o)
                0x0000000008007a44                _sbrk_r
 .text.sprintf  0x0000000008007a64       0x40 d:/st/stm32cubeide_1.6.1/stm32cubeide/plugins/com.st.stm32cube.ide.mcu.externaltools.gnu-tools-for-stm32.9-2020-q2-update.win32_1.5.0.202011040924/tools/bin/../lib/gcc/arm-none-eabi/9.3.1/../../../../arm-none-eabi/lib/thumb/v7e-m+fp/hard\libc_nano.a(lib_a-sprintf.o)
                0x0000000008007a64                siprintf
                0x0000000008007a64                sprintf
 .text.__sread  0x0000000008007aa4       0x22 d:/st/stm32cubeide_1.6.1/stm32cubeide/plugins/com.st.stm32cube.ide.mcu.externaltools.gnu-tools-for-stm32.9-2020-q2-update.win32_1.5.0.202011040924/tools/bin/../lib/gcc/arm-none-eabi/9.3.1/../../../../arm-none-eabi/lib/thumb/v7e-m+fp/hard\libc_nano.a(lib_a-stdio.o)
                0x0000000008007aa4                __sread
 .text.__swrite
                0x0000000008007ac6       0x38 d:/st/stm32cubeide_1.6.1/stm32cubeide/plugins/com.st.stm32cube.ide.mcu.externaltools.gnu-tools-for-stm32.9-2020-q2-update.win32_1.5.0.202011040924/tools/bin/../lib/gcc/arm-none-eabi/9.3.1/../../../../arm-none-eabi/lib/thumb/v7e-m+fp/hard\libc_nano.a(lib_a-stdio.o)
                0x0000000008007ac6                __swrite
 .text.__sseek  0x0000000008007afe       0x24 d:/st/stm32cubeide_1.6.1/stm32cubeide/plugins/com.st.stm32cube.ide.mcu.externaltools.gnu-tools-for-stm32.9-2020-q2-update.win32_1.5.0.202011040924/tools/bin/../lib/gcc/arm-none-eabi/9.3.1/../../../../arm-none-eabi/lib/thumb/v7e-m+fp/hard\libc_nano.a(lib_a-stdio.o)
                0x0000000008007afe                __sseek
 .text.__sclose
                0x0000000008007b22        0x8 d:/st/stm32cubeide_1.6.1/stm32cubeide/plugins/com.st.stm32cube.ide.mcu.externaltools.gnu-tools-for-stm32.9-2020-q2-update.win32_1.5.0.202011040924/tools/bin/../lib/gcc/arm-none-eabi/9.3.1/../../../../arm-none-eabi/lib/thumb/v7e-m+fp/hard\libc_nano.a(lib_a-stdio.o)
                0x0000000008007b22                __sclose
 *fill*         0x0000000008007b2a        0x2 
 .text.__swbuf_r
                0x0000000008007b2c       0xa4 d:/st/stm32cubeide_1.6.1/stm32cubeide/plugins/com.st.stm32cube.ide.mcu.externaltools.gnu-tools-for-stm32.9-2020-q2-update.win32_1.5.0.202011040924/tools/bin/../lib/gcc/arm-none-eabi/9.3.1/../../../../arm-none-eabi/lib/thumb/v7e-m+fp/hard\libc_nano.a(lib_a-wbuf.o)
                0x0000000008007b2c                __swbuf_r
 .text._write_r
                0x0000000008007bd0       0x24 d:/st/stm32cubeide_1.6.1/stm32cubeide/plugins/com.st.stm32cube.ide.mcu.externaltools.gnu-tools-for-stm32.9-2020-q2-update.win32_1.5.0.202011040924/tools/bin/../lib/gcc/arm-none-eabi/9.3.1/../../../../arm-none-eabi/lib/thumb/v7e-m+fp/hard\libc_nano.a(lib_a-writer.o)
                0x0000000008007bd0                _write_r
 .text.__swsetup_r
                0x0000000008007bf4       0xdc d:/st/stm32cubeide_1.6.1/stm32cubeide/plugins/com.st.stm32cube.ide.mcu.externaltools.gnu-tools-for-stm32.9-2020-q2-update.win32_1.5.0.202011040924/tools/bin/../lib/gcc/arm-none-eabi/9.3.1/../../../../arm-none-eabi/lib/thumb/v7e-m+fp/hard\libc_nano.a(lib_a-wsetup.o)
                0x0000000008007bf4                __swsetup_r
 .text._close_r
                0x0000000008007cd0       0x20 d:/st/stm32cubeide_1.6.1/stm32cubeide/plugins/com.st.stm32cube.ide.mcu.externaltools.gnu-tools-for-stm32.9-2020-q2-update.win32_1.5.0.202011040924/tools/bin/../lib/gcc/arm-none-eabi/9.3.1/../../../../arm-none-eabi/lib/thumb/v7e-m+fp/hard\libc_nano.a(lib_a-closer.o)
                0x0000000008007cd0                _close_r
 .text.__sflush_r
                0x0000000008007cf0      0x10c d:/st/stm32cubeide_1.6.1/stm32cubeide/plugins/com.st.stm32cube.ide.mcu.externaltools.gnu-tools-for-stm32.9-2020-q2-update.win32_1.5.0.202011040924/tools/bin/../lib/gcc/arm-none-eabi/9.3.1/../../../../arm-none-eabi/lib/thumb/v7e-m+fp/hard\libc_nano.a(lib_a-fflush.o)
                0x0000000008007cf0                __sflush_r
 .text._fflush_r
                0x0000000008007dfc       0x78 d:/st/stm32cubeide_1.6.1/stm32cubeide/plugins/com.st.stm32cube.ide.mcu.externaltools.gnu-tools-for-stm32.9-2020-q2-update.win32_1.5.0.202011040924/tools/bin/../lib/gcc/arm-none-eabi/9.3.1/../../../../arm-none-eabi/lib/thumb/v7e-m+fp/hard\libc_nano.a(lib_a-fflush.o)
                0x0000000008007dfc                _fflush_r
 .text.std      0x0000000008007e74       0x48 d:/st/stm32cubeide_1.6.1/stm32cubeide/plugins/com.st.stm32cube.ide.mcu.externaltools.gnu-tools-for-stm32.9-2020-q2-update.win32_1.5.0.202011040924/tools/bin/../lib/gcc/arm-none-eabi/9.3.1/../../../../arm-none-eabi/lib/thumb/v7e-m+fp/hard\libc_nano.a(lib_a-findfp.o)
 .text._cleanup_r
                0x0000000008007ebc        0xc d:/st/stm32cubeide_1.6.1/stm32cubeide/plugins/com.st.stm32cube.ide.mcu.externaltools.gnu-tools-for-stm32.9-2020-q2-update.win32_1.5.0.202011040924/tools/bin/../lib/gcc/arm-none-eabi/9.3.1/../../../../arm-none-eabi/lib/thumb/v7e-m+fp/hard\libc_nano.a(lib_a-findfp.o)
                0x0000000008007ebc                _cleanup_r
 .text.__sfmoreglue
                0x0000000008007ec8       0x2c d:/st/stm32cubeide_1.6.1/stm32cubeide/plugins/com.st.stm32cube.ide.mcu.externaltools.gnu-tools-for-stm32.9-2020-q2-update.win32_1.5.0.202011040924/tools/bin/../lib/gcc/arm-none-eabi/9.3.1/../../../../arm-none-eabi/lib/thumb/v7e-m+fp/hard\libc_nano.a(lib_a-findfp.o)
                0x0000000008007ec8                __sfmoreglue
 .text.__sfp_lock_acquire
                0x0000000008007ef4        0xc d:/st/stm32cubeide_1.6.1/stm32cubeide/plugins/com.st.stm32cube.ide.mcu.externaltools.gnu-tools-for-stm32.9-2020-q2-update.win32_1.5.0.202011040924/tools/bin/../lib/gcc/arm-none-eabi/9.3.1/../../../../arm-none-eabi/lib/thumb/v7e-m+fp/hard\libc_nano.a(lib_a-findfp.o)
                0x0000000008007ef4                __sfp_lock_acquire
 .text.__sfp_lock_release
                0x0000000008007f00        0xc d:/st/stm32cubeide_1.6.1/stm32cubeide/plugins/com.st.stm32cube.ide.mcu.externaltools.gnu-tools-for-stm32.9-2020-q2-update.win32_1.5.0.202011040924/tools/bin/../lib/gcc/arm-none-eabi/9.3.1/../../../../arm-none-eabi/lib/thumb/v7e-m+fp/hard\libc_nano.a(lib_a-findfp.o)
                0x0000000008007f00                __sfp_lock_release
 .text.__sinit_lock_acquire
                0x0000000008007f0c        0xc d:/st/stm32cubeide_1.6.1/stm32cubeide/plugins/com.st.stm32cube.ide.mcu.externaltools.gnu-tools-for-stm32.9-2020-q2-update.win32_1.5.0.202011040924/tools/bin/../lib/gcc/arm-none-eabi/9.3.1/../../../../arm-none-eabi/lib/thumb/v7e-m+fp/hard\libc_nano.a(lib_a-findfp.o)
                0x0000000008007f0c                __sinit_lock_acquire
 .text.__sinit_lock_release
                0x0000000008007f18        0xc d:/st/stm32cubeide_1.6.1/stm32cubeide/plugins/com.st.stm32cube.ide.mcu.externaltools.gnu-tools-for-stm32.9-2020-q2-update.win32_1.5.0.202011040924/tools/bin/../lib/gcc/arm-none-eabi/9.3.1/../../../../arm-none-eabi/lib/thumb/v7e-m+fp/hard\libc_nano.a(lib_a-findfp.o)
                0x0000000008007f18                __sinit_lock_release
 .text.__sinit  0x0000000008007f24       0x70 d:/st/stm32cubeide_1.6.1/stm32cubeide/plugins/com.st.stm32cube.ide.mcu.externaltools.gnu-tools-for-stm32.9-2020-q2-update.win32_1.5.0.202011040924/tools/bin/../lib/gcc/arm-none-eabi/9.3.1/../../../../arm-none-eabi/lib/thumb/v7e-m+fp/hard\libc_nano.a(lib_a-findfp.o)
                0x0000000008007f24                __sinit
 .text.__sfp    0x0000000008007f94       0x8c d:/st/stm32cubeide_1.6.1/stm32cubeide/plugins/com.st.stm32cube.ide.mcu.externaltools.gnu-tools-for-stm32.9-2020-q2-update.win32_1.5.0.202011040924/tools/bin/../lib/gcc/arm-none-eabi/9.3.1/../../../../arm-none-eabi/lib/thumb/v7e-m+fp/hard\libc_nano.a(lib_a-findfp.o)
                0x0000000008007f94                __sfp
 .text._fwalk_reent
                0x0000000008008020       0x3e d:/st/stm32cubeide_1.6.1/stm32cubeide/plugins/com.st.stm32cube.ide.mcu.externaltools.gnu-tools-for-stm32.9-2020-q2-update.win32_1.5.0.202011040924/tools/bin/../lib/gcc/arm-none-eabi/9.3.1/../../../../arm-none-eabi/lib/thumb/v7e-m+fp/hard\libc_nano.a(lib_a-fwalk.o)
                0x0000000008008020                _fwalk_reent
 .text.__retarget_lock_init_recursive
                0x000000000800805e        0x2 d:/st/stm32cubeide_1.6.1/stm32cubeide/plugins/com.st.stm32cube.ide.mcu.externaltools.gnu-tools-for-stm32.9-2020-q2-update.win32_1.5.0.202011040924/tools/bin/../lib/gcc/arm-none-eabi/9.3.1/../../../../arm-none-eabi/lib/thumb/v7e-m+fp/hard\libc_nano.a(lib_a-lock.o)
                0x000000000800805e                __retarget_lock_init_recursive
 .text.__retarget_lock_acquire_recursive
                0x0000000008008060        0x2 d:/st/stm32cubeide_1.6.1/stm32cubeide/plugins/com.st.stm32cube.ide.mcu.externaltools.gnu-tools-for-stm32.9-2020-q2-update.win32_1.5.0.202011040924/tools/bin/../lib/gcc/arm-none-eabi/9.3.1/../../../../arm-none-eabi/lib/thumb/v7e-m+fp/hard\libc_nano.a(lib_a-lock.o)
                0x0000000008008060                __retarget_lock_acquire_recursive
 .text.__retarget_lock_release_recursive
                0x0000000008008062        0x2 d:/st/stm32cubeide_1.6.1/stm32cubeide/plugins/com.st.stm32cube.ide.mcu.externaltools.gnu-tools-for-stm32.9-2020-q2-update.win32_1.5.0.202011040924/tools/bin/../lib/gcc/arm-none-eabi/9.3.1/../../../../arm-none-eabi/lib/thumb/v7e-m+fp/hard\libc_nano.a(lib_a-lock.o)
                0x0000000008008062                __retarget_lock_release_recursive
 .text._lseek_r
                0x0000000008008064       0x24 d:/st/stm32cubeide_1.6.1/stm32cubeide/plugins/com.st.stm32cube.ide.mcu.externaltools.gnu-tools-for-stm32.9-2020-q2-update.win32_1.5.0.202011040924/tools/bin/../lib/gcc/arm-none-eabi/9.3.1/../../../../arm-none-eabi/lib/thumb/v7e-m+fp/hard\libc_nano.a(lib_a-lseekr.o)
                0x0000000008008064                _lseek_r
 .text.__swhatbuf_r
                0x0000000008008088       0x48 d:/st/stm32cubeide_1.6.1/stm32cubeide/plugins/com.st.stm32cube.ide.mcu.externaltools.gnu-tools-for-stm32.9-2020-q2-update.win32_1.5.0.202011040924/tools/bin/../lib/gcc/arm-none-eabi/9.3.1/../../../../arm-none-eabi/lib/thumb/v7e-m+fp/hard\libc_nano.a(lib_a-makebuf.o)
                0x0000000008008088                __swhatbuf_r
 .text.__smakebuf_r
                0x00000000080080d0       0x80 d:/st/stm32cubeide_1.6.1/stm32cubeide/plugins/com.st.stm32cube.ide.mcu.externaltools.gnu-tools-for-stm32.9-2020-q2-update.win32_1.5.0.202011040924/tools/bin/../lib/gcc/arm-none-eabi/9.3.1/../../../../arm-none-eabi/lib/thumb/v7e-m+fp/hard\libc_nano.a(lib_a-makebuf.o)
                0x00000000080080d0                __smakebuf_r
 .text.__malloc_lock
                0x0000000008008150        0xc d:/st/stm32cubeide_1.6.1/stm32cubeide/plugins/com.st.stm32cube.ide.mcu.externaltools.gnu-tools-for-stm32.9-2020-q2-update.win32_1.5.0.202011040924/tools/bin/../lib/gcc/arm-none-eabi/9.3.1/../../../../arm-none-eabi/lib/thumb/v7e-m+fp/hard\libc_nano.a(lib_a-mlock.o)
                0x0000000008008150                __malloc_lock
 .text.__malloc_unlock
                0x000000000800815c        0xc d:/st/stm32cubeide_1.6.1/stm32cubeide/plugins/com.st.stm32cube.ide.mcu.externaltools.gnu-tools-for-stm32.9-2020-q2-update.win32_1.5.0.202011040924/tools/bin/../lib/gcc/arm-none-eabi/9.3.1/../../../../arm-none-eabi/lib/thumb/v7e-m+fp/hard\libc_nano.a(lib_a-mlock.o)
                0x000000000800815c                __malloc_unlock
 .text.__ssputs_r
                0x0000000008008168       0xb6 d:/st/stm32cubeide_1.6.1/stm32cubeide/plugins/com.st.stm32cube.ide.mcu.externaltools.gnu-tools-for-stm32.9-2020-q2-update.win32_1.5.0.202011040924/tools/bin/../lib/gcc/arm-none-eabi/9.3.1/../../../../arm-none-eabi/lib/thumb/v7e-m+fp/hard\libc_nano.a(lib_a-nano-svfprintf.o)
                0x0000000008008168                __ssputs_r
 *fill*         0x000000000800821e        0x2 
 .text._svfprintf_r
                0x0000000008008220      0x200 d:/st/stm32cubeide_1.6.1/stm32cubeide/plugins/com.st.stm32cube.ide.mcu.externaltools.gnu-tools-for-stm32.9-2020-q2-update.win32_1.5.0.202011040924/tools/bin/../lib/gcc/arm-none-eabi/9.3.1/../../../../arm-none-eabi/lib/thumb/v7e-m+fp/hard\libc_nano.a(lib_a-nano-svfprintf.o)
                0x0000000008008220                _svfiprintf_r
                0x0000000008008220                _svfprintf_r
 .text.__sfputc_r
                0x0000000008008420       0x2e d:/st/stm32cubeide_1.6.1/stm32cubeide/plugins/com.st.stm32cube.ide.mcu.externaltools.gnu-tools-for-stm32.9-2020-q2-update.win32_1.5.0.202011040924/tools/bin/../lib/gcc/arm-none-eabi/9.3.1/../../../../arm-none-eabi/lib/thumb/v7e-m+fp/hard\libc_nano.a(lib_a-nano-vfprintf.o)
 .text.__sfputs_r
                0x000000000800844e       0x24 d:/st/stm32cubeide_1.6.1/stm32cubeide/plugins/com.st.stm32cube.ide.mcu.externaltools.gnu-tools-for-stm32.9-2020-q2-update.win32_1.5.0.202011040924/tools/bin/../lib/gcc/arm-none-eabi/9.3.1/../../../../arm-none-eabi/lib/thumb/v7e-m+fp/hard\libc_nano.a(lib_a-nano-vfprintf.o)
                0x000000000800844e                __sfputs_r
 *fill*         0x0000000008008472        0x2 
 .text._vfprintf_r
                0x0000000008008474      0x260 d:/st/stm32cubeide_1.6.1/stm32cubeide/plugins/com.st.stm32cube.ide.mcu.externaltools.gnu-tools-for-stm32.9-2020-q2-update.win32_1.5.0.202011040924/tools/bin/../lib/gcc/arm-none-eabi/9.3.1/../../../../arm-none-eabi/lib/thumb/v7e-m+fp/hard\libc_nano.a(lib_a-nano-vfprintf.o)
                0x0000000008008474                _vfprintf_r
                0x0000000008008474                _vfiprintf_r
 .text._printf_common
                0x00000000080086d4       0xda d:/st/stm32cubeide_1.6.1/stm32cubeide/plugins/com.st.stm32cube.ide.mcu.externaltools.gnu-tools-for-stm32.9-2020-q2-update.win32_1.5.0.202011040924/tools/bin/../lib/gcc/arm-none-eabi/9.3.1/../../../../arm-none-eabi/lib/thumb/v7e-m+fp/hard\libc_nano.a(lib_a-nano-vfprintf_i.o)
                0x00000000080086d4                _printf_common
 *fill*         0x00000000080087ae        0x2 
 .text._printf_i
                0x00000000080087b0      0x24c d:/st/stm32cubeide_1.6.1/stm32cubeide/plugins/com.st.stm32cube.ide.mcu.externaltools.gnu-tools-for-stm32.9-2020-q2-update.win32_1.5.0.202011040924/tools/bin/../lib/gcc/arm-none-eabi/9.3.1/../../../../arm-none-eabi/lib/thumb/v7e-m+fp/hard\libc_nano.a(lib_a-nano-vfprintf_i.o)
                0x00000000080087b0                _printf_i
 .text._putc_r  0x00000000080089fc       0x90 d:/st/stm32cubeide_1.6.1/stm32cubeide/plugins/com.st.stm32cube.ide.mcu.externaltools.gnu-tools-for-stm32.9-2020-q2-update.win32_1.5.0.202011040924/tools/bin/../lib/gcc/arm-none-eabi/9.3.1/../../../../arm-none-eabi/lib/thumb/v7e-m+fp/hard\libc_nano.a(lib_a-putc.o)
                0x00000000080089fc                _putc_r
 .text._read_r  0x0000000008008a8c       0x24 d:/st/stm32cubeide_1.6.1/stm32cubeide/plugins/com.st.stm32cube.ide.mcu.externaltools.gnu-tools-for-stm32.9-2020-q2-update.win32_1.5.0.202011040924/tools/bin/../lib/gcc/arm-none-eabi/9.3.1/../../../../arm-none-eabi/lib/thumb/v7e-m+fp/hard\libc_nano.a(lib_a-readr.o)
                0x0000000008008a8c                _read_r
 .text._fstat_r
                0x0000000008008ab0       0x24 d:/st/stm32cubeide_1.6.1/stm32cubeide/plugins/com.st.stm32cube.ide.mcu.externaltools.gnu-tools-for-stm32.9-2020-q2-update.win32_1.5.0.202011040924/tools/bin/../lib/gcc/arm-none-eabi/9.3.1/../../../../arm-none-eabi/lib/thumb/v7e-m+fp/hard\libc_nano.a(lib_a-fstatr.o)
                0x0000000008008ab0                _fstat_r
 .text._isatty_r
                0x0000000008008ad4       0x20 d:/st/stm32cubeide_1.6.1/stm32cubeide/plugins/com.st.stm32cube.ide.mcu.externaltools.gnu-tools-for-stm32.9-2020-q2-update.win32_1.5.0.202011040924/tools/bin/../lib/gcc/arm-none-eabi/9.3.1/../../../../arm-none-eabi/lib/thumb/v7e-m+fp/hard\libc_nano.a(lib_a-isattyr.o)
                0x0000000008008ad4                _isatty_r
 .text.memmove  0x0000000008008af4       0x34 d:/st/stm32cubeide_1.6.1/stm32cubeide/plugins/com.st.stm32cube.ide.mcu.externaltools.gnu-tools-for-stm32.9-2020-q2-update.win32_1.5.0.202011040924/tools/bin/../lib/gcc/arm-none-eabi/9.3.1/../../../../arm-none-eabi/lib/thumb/v7e-m+fp/hard\libc_nano.a(lib_a-memmove.o)
                0x0000000008008af4                memmove
 .text._realloc_r
                0x0000000008008b28       0x4c d:/st/stm32cubeide_1.6.1/stm32cubeide/plugins/com.st.stm32cube.ide.mcu.externaltools.gnu-tools-for-stm32.9-2020-q2-update.win32_1.5.0.202011040924/tools/bin/../lib/gcc/arm-none-eabi/9.3.1/../../../../arm-none-eabi/lib/thumb/v7e-m+fp/hard\libc_nano.a(lib_a-nano-reallocr.o)
                0x0000000008008b28                _realloc_r
 .text._malloc_usable_size_r
                0x0000000008008b74       0x10 d:/st/stm32cubeide_1.6.1/stm32cubeide/plugins/com.st.stm32cube.ide.mcu.externaltools.gnu-tools-for-stm32.9-2020-q2-update.win32_1.5.0.202011040924/tools/bin/../lib/gcc/arm-none-eabi/9.3.1/../../../../arm-none-eabi/lib/thumb/v7e-m+fp/hard\libc_nano.a(lib_a-nano-msizer.o)
                0x0000000008008b74                _malloc_usable_size_r
 *(.glue_7)
 .glue_7        0x0000000008008b84        0x0 linker stubs
 *(.glue_7t)
 .glue_7t       0x0000000008008b84        0x0 linker stubs
 *(.eh_frame)
 .eh_frame      0x0000000008008b84        0x0 d:/st/stm32cubeide_1.6.1/stm32cubeide/plugins/com.st.stm32cube.ide.mcu.externaltools.gnu-tools-for-stm32.9-2020-q2-update.win32_1.5.0.202011040924/tools/bin/../lib/gcc/arm-none-eabi/9.3.1/thumb/v7e-m+fp/hard/crtbegin.o
 *(.init)
 .init          0x0000000008008b84        0x4 d:/st/stm32cubeide_1.6.1/stm32cubeide/plugins/com.st.stm32cube.ide.mcu.externaltools.gnu-tools-for-stm32.9-2020-q2-update.win32_1.5.0.202011040924/tools/bin/../lib/gcc/arm-none-eabi/9.3.1/thumb/v7e-m+fp/hard/crti.o
                0x0000000008008b84                _init
 .init          0x0000000008008b88        0x8 d:/st/stm32cubeide_1.6.1/stm32cubeide/plugins/com.st.stm32cube.ide.mcu.externaltools.gnu-tools-for-stm32.9-2020-q2-update.win32_1.5.0.202011040924/tools/bin/../lib/gcc/arm-none-eabi/9.3.1/thumb/v7e-m+fp/hard/crtn.o
 *(.fini)
 .fini          0x0000000008008b90        0x4 d:/st/stm32cubeide_1.6.1/stm32cubeide/plugins/com.st.stm32cube.ide.mcu.externaltools.gnu-tools-for-stm32.9-2020-q2-update.win32_1.5.0.202011040924/tools/bin/../lib/gcc/arm-none-eabi/9.3.1/thumb/v7e-m+fp/hard/crti.o
                0x0000000008008b90                _fini
 .fini          0x0000000008008b94        0x8 d:/st/stm32cubeide_1.6.1/stm32cubeide/plugins/com.st.stm32cube.ide.mcu.externaltools.gnu-tools-for-stm32.9-2020-q2-update.win32_1.5.0.202011040924/tools/bin/../lib/gcc/arm-none-eabi/9.3.1/thumb/v7e-m+fp/hard/crtn.o
                0x0000000008008b9c                . = ALIGN (0x4)
                0x0000000008008b9c                _etext = .

.vfp11_veneer   0x0000000008008b9c        0x0
 .vfp11_veneer  0x0000000008008b9c        0x0 linker stubs

.v4_bx          0x0000000008008b9c        0x0
 .v4_bx         0x0000000008008b9c        0x0 linker stubs

.iplt           0x0000000008008b9c        0x0
 .iplt          0x0000000008008b9c        0x0 d:/st/stm32cubeide_1.6.1/stm32cubeide/plugins/com.st.stm32cube.ide.mcu.externaltools.gnu-tools-for-stm32.9-2020-q2-update.win32_1.5.0.202011040924/tools/bin/../lib/gcc/arm-none-eabi/9.3.1/thumb/v7e-m+fp/hard/crtbegin.o

.rodata         0x0000000008008b9c      0x6bc
                0x0000000008008b9c                . = ALIGN (0x4)
 *(.rodata)
 .rodata        0x0000000008008b9c      0x601 Core/Src/main.o
 *(.rodata*)
 *fill*         0x000000000800919d        0x3 
 .rodata.AHBPrescTable
                0x00000000080091a0       0x10 Core/Src/system_stm32f4xx.o
                0x00000000080091a0                AHBPrescTable
 .rodata.APBPrescTable
                0x00000000080091b0        0x8 Core/Src/system_stm32f4xx.o
                0x00000000080091b0                APBPrescTable
 .rodata.flagBitshiftOffset.8657
                0x00000000080091b8        0x8 Drivers/STM32F4xx_HAL_Driver/Src/stm32f4xx_hal_dma.o
 .rodata._global_impure_ptr
                0x00000000080091c0        0x4 d:/st/stm32cubeide_1.6.1/stm32cubeide/plugins/com.st.stm32cube.ide.mcu.externaltools.gnu-tools-for-stm32.9-2020-q2-update.win32_1.5.0.202011040924/tools/bin/../lib/gcc/arm-none-eabi/9.3.1/../../../../arm-none-eabi/lib/thumb/v7e-m+fp/hard\libc_nano.a(lib_a-impure.o)
                0x00000000080091c0                _global_impure_ptr
 .rodata.__sf_fake_stderr
                0x00000000080091c4       0x20 d:/st/stm32cubeide_1.6.1/stm32cubeide/plugins/com.st.stm32cube.ide.mcu.externaltools.gnu-tools-for-stm32.9-2020-q2-update.win32_1.5.0.202011040924/tools/bin/../lib/gcc/arm-none-eabi/9.3.1/../../../../arm-none-eabi/lib/thumb/v7e-m+fp/hard\libc_nano.a(lib_a-findfp.o)
                0x00000000080091c4                __sf_fake_stderr
 .rodata.__sf_fake_stdin
                0x00000000080091e4       0x20 d:/st/stm32cubeide_1.6.1/stm32cubeide/plugins/com.st.stm32cube.ide.mcu.externaltools.gnu-tools-for-stm32.9-2020-q2-update.win32_1.5.0.202011040924/tools/bin/../lib/gcc/arm-none-eabi/9.3.1/../../../../arm-none-eabi/lib/thumb/v7e-m+fp/hard\libc_nano.a(lib_a-findfp.o)
                0x00000000080091e4                __sf_fake_stdin
 .rodata.__sf_fake_stdout
                0x0000000008009204       0x20 d:/st/stm32cubeide_1.6.1/stm32cubeide/plugins/com.st.stm32cube.ide.mcu.externaltools.gnu-tools-for-stm32.9-2020-q2-update.win32_1.5.0.202011040924/tools/bin/../lib/gcc/arm-none-eabi/9.3.1/../../../../arm-none-eabi/lib/thumb/v7e-m+fp/hard\libc_nano.a(lib_a-findfp.o)
                0x0000000008009204                __sf_fake_stdout
 .rodata._svfprintf_r.str1.1
                0x0000000008009224       0x11 d:/st/stm32cubeide_1.6.1/stm32cubeide/plugins/com.st.stm32cube.ide.mcu.externaltools.gnu-tools-for-stm32.9-2020-q2-update.win32_1.5.0.202011040924/tools/bin/../lib/gcc/arm-none-eabi/9.3.1/../../../../arm-none-eabi/lib/thumb/v7e-m+fp/hard\libc_nano.a(lib_a-nano-svfprintf.o)
 .rodata._vfprintf_r.str1.1
                0x0000000008009235       0x11 d:/st/stm32cubeide_1.6.1/stm32cubeide/plugins/com.st.stm32cube.ide.mcu.externaltools.gnu-tools-for-stm32.9-2020-q2-update.win32_1.5.0.202011040924/tools/bin/../lib/gcc/arm-none-eabi/9.3.1/../../../../arm-none-eabi/lib/thumb/v7e-m+fp/hard\libc_nano.a(lib_a-nano-vfprintf.o)
 .rodata._printf_i.str1.1
                0x0000000008009235       0x22 d:/st/stm32cubeide_1.6.1/stm32cubeide/plugins/com.st.stm32cube.ide.mcu.externaltools.gnu-tools-for-stm32.9-2020-q2-update.win32_1.5.0.202011040924/tools/bin/../lib/gcc/arm-none-eabi/9.3.1/../../../../arm-none-eabi/lib/thumb/v7e-m+fp/hard\libc_nano.a(lib_a-nano-vfprintf_i.o)
                0x0000000008009258                . = ALIGN (0x4)
 *fill*         0x0000000008009257        0x1 

.ARM.extab      0x0000000008009258        0x0
                0x0000000008009258                . = ALIGN (0x4)
 *(.ARM.extab* .gnu.linkonce.armextab.*)
                0x0000000008009258                . = ALIGN (0x4)

.ARM            0x0000000008009258        0x8
                0x0000000008009258                . = ALIGN (0x4)
                0x0000000008009258                __exidx_start = .
 *(.ARM.exidx*)
 .ARM.exidx     0x0000000008009258        0x8 d:/st/stm32cubeide_1.6.1/stm32cubeide/plugins/com.st.stm32cube.ide.mcu.externaltools.gnu-tools-for-stm32.9-2020-q2-update.win32_1.5.0.202011040924/tools/bin/../lib/gcc/arm-none-eabi/9.3.1/thumb/v7e-m+fp/hard\libgcc.a(_udivmoddi4.o)
                0x0000000008009260                __exidx_end = .
                0x0000000008009260                . = ALIGN (0x4)

.rel.dyn        0x0000000008009260        0x0
 .rel.iplt      0x0000000008009260        0x0 d:/st/stm32cubeide_1.6.1/stm32cubeide/plugins/com.st.stm32cube.ide.mcu.externaltools.gnu-tools-for-stm32.9-2020-q2-update.win32_1.5.0.202011040924/tools/bin/../lib/gcc/arm-none-eabi/9.3.1/thumb/v7e-m+fp/hard/crtbegin.o

.preinit_array  0x0000000008009260        0x0
                0x0000000008009260                . = ALIGN (0x4)
                0x0000000008009260                PROVIDE (__preinit_array_start = .)
 *(.preinit_array*)
                0x0000000008009260                PROVIDE (__preinit_array_end = .)
                0x0000000008009260                . = ALIGN (0x4)

.init_array     0x0000000008009260        0x4
                0x0000000008009260                . = ALIGN (0x4)
                0x0000000008009260                PROVIDE (__init_array_start = .)
 *(SORT_BY_NAME(.init_array.*))
 *(.init_array*)
 .init_array    0x0000000008009260        0x4 d:/st/stm32cubeide_1.6.1/stm32cubeide/plugins/com.st.stm32cube.ide.mcu.externaltools.gnu-tools-for-stm32.9-2020-q2-update.win32_1.5.0.202011040924/tools/bin/../lib/gcc/arm-none-eabi/9.3.1/thumb/v7e-m+fp/hard/crtbegin.o
                0x0000000008009264                PROVIDE (__init_array_end = .)
                0x0000000008009264                . = ALIGN (0x4)

.fini_array     0x0000000008009264        0x4
                0x0000000008009264                . = ALIGN (0x4)
                [!provide]                        PROVIDE (__fini_array_start = .)
 *(SORT_BY_NAME(.fini_array.*))
 *(.fini_array*)
 .fini_array    0x0000000008009264        0x4 d:/st/stm32cubeide_1.6.1/stm32cubeide/plugins/com.st.stm32cube.ide.mcu.externaltools.gnu-tools-for-stm32.9-2020-q2-update.win32_1.5.0.202011040924/tools/bin/../lib/gcc/arm-none-eabi/9.3.1/thumb/v7e-m+fp/hard/crtbegin.o
                [!provide]                        PROVIDE (__fini_array_end = .)
                0x0000000008009268                . = ALIGN (0x4)
                0x0000000008009268                _sidata = LOADADDR (.data)

.data           0x0000000020000000       0xa8 load address 0x0000000008009268
                0x0000000020000000                . = ALIGN (0x4)
                0x0000000020000000                _sdata = .
 *(.data)
 *(.data*)
 .data.sock_any_port
                0x0000000020000000        0x2 Core/Ethernet/socket.o
 *fill*         0x0000000020000002        0x2 
 .data.WIZCHIP  0x0000000020000004       0x28 Core/Ethernet/wizchip_conf.o
                0x0000000020000004                WIZCHIP
 .data.data     0x000000002000002c        0x1 Core/Src/main.o
                0x000000002000002c                data
 .data.sync_Signal
                0x000000002000002d        0x1 Core/Src/main.o
                0x000000002000002d                sync_Signal
 .data.uart6_Signal
                0x000000002000002e        0x1 Core/Src/main.o
                0x000000002000002e                uart6_Signal
 .data.status   0x000000002000002f        0x1 Core/Src/main.o
                0x000000002000002f                status
 .data.GTO_status
                0x0000000020000030        0x1 Core/Src/main.o
                0x0000000020000030                GTO_status
 *fill*         0x0000000020000031        0x3 
 .data.bufSize  0x0000000020000034        0x4 Core/Src/main.o
                0x0000000020000034                bufSize
 .data.SystemCoreClock
                0x0000000020000038        0x4 Core/Src/system_stm32f4xx.o
                0x0000000020000038                SystemCoreClock
 .data.uwTickPrio
                0x000000002000003c        0x4 Drivers/STM32F4xx_HAL_Driver/Src/stm32f4xx_hal.o
                0x000000002000003c                uwTickPrio
 .data.uwTickFreq
                0x0000000020000040        0x1 Drivers/STM32F4xx_HAL_Driver/Src/stm32f4xx_hal.o
                0x0000000020000040                uwTickFreq
 *fill*         0x0000000020000041        0x3 
 .data._impure_ptr
                0x0000000020000044        0x4 d:/st/stm32cubeide_1.6.1/stm32cubeide/plugins/com.st.stm32cube.ide.mcu.externaltools.gnu-tools-for-stm32.9-2020-q2-update.win32_1.5.0.202011040924/tools/bin/../lib/gcc/arm-none-eabi/9.3.1/../../../../arm-none-eabi/lib/thumb/v7e-m+fp/hard\libc_nano.a(lib_a-impure.o)
                0x0000000020000044                _impure_ptr
 .data.impure_data
                0x0000000020000048       0x60 d:/st/stm32cubeide_1.6.1/stm32cubeide/plugins/com.st.stm32cube.ide.mcu.externaltools.gnu-tools-for-stm32.9-2020-q2-update.win32_1.5.0.202011040924/tools/bin/../lib/gcc/arm-none-eabi/9.3.1/../../../../arm-none-eabi/lib/thumb/v7e-m+fp/hard\libc_nano.a(lib_a-impure.o)
 *(.RamFunc)
 *(.RamFunc*)
                0x00000000200000a8                . = ALIGN (0x4)
                0x00000000200000a8                _edata = .

.igot.plt       0x00000000200000a8        0x0 load address 0x0000000008009310
 .igot.plt      0x00000000200000a8        0x0 d:/st/stm32cubeide_1.6.1/stm32cubeide/plugins/com.st.stm32cube.ide.mcu.externaltools.gnu-tools-for-stm32.9-2020-q2-update.win32_1.5.0.202011040924/tools/bin/../lib/gcc/arm-none-eabi/9.3.1/thumb/v7e-m+fp/hard/crtbegin.o
                0x00000000200000a8                . = ALIGN (0x4)

.bss            0x00000000200000a8      0x530 load address 0x0000000008009310
                0x00000000200000a8                _sbss = .
                0x00000000200000a8                __bss_start__ = _sbss
 *(.bss)
 .bss           0x00000000200000a8       0x1c d:/st/stm32cubeide_1.6.1/stm32cubeide/plugins/com.st.stm32cube.ide.mcu.externaltools.gnu-tools-for-stm32.9-2020-q2-update.win32_1.5.0.202011040924/tools/bin/../lib/gcc/arm-none-eabi/9.3.1/thumb/v7e-m+fp/hard/crtbegin.o
 *(.bss*)
 .bss.sock_io_mode
                0x00000000200000c4        0x2 Core/Ethernet/socket.o
 .bss.sock_is_sending
                0x00000000200000c6        0x2 Core/Ethernet/socket.o
 .bss.sock_remained_size
                0x00000000200000c8        0x8 Core/Ethernet/socket.o
 .bss.sock_pack_info
                0x00000000200000d0        0x4 Core/Ethernet/socket.o
                0x00000000200000d0                sock_pack_info
 .bss._DNS_     0x00000000200000d4        0x4 Core/Ethernet/wizchip_conf.o
 .bss._DHCP_    0x00000000200000d8        0x1 Core/Ethernet/wizchip_conf.o
 .bss.uart1_key_Flag
                0x00000000200000d9        0x1 Core/Src/main.o
                0x00000000200000d9                uart1_key_Flag
 .bss.uart2_key_Flag
                0x00000000200000da        0x1 Core/Src/main.o
                0x00000000200000da                uart2_key_Flag
 .bss.etherNet_Flag
                0x00000000200000db        0x1 Core/Src/main.o
                0x00000000200000db                etherNet_Flag
 .bss.uart_6_flag
                0x00000000200000dc        0x1 Core/Src/main.o
                0x00000000200000dc                uart_6_flag
 *fill*         0x00000000200000dd        0x1 
 .bss.size      0x00000000200000de        0x2 Core/Src/main.o
                0x00000000200000de                size
 .bss.__sbrk_heap_end
                0x00000000200000e0        0x4 Core/Src/sysmem.o
 .bss.__malloc_free_list
                0x00000000200000e4        0x4 d:/st/stm32cubeide_1.6.1/stm32cubeide/plugins/com.st.stm32cube.ide.mcu.externaltools.gnu-tools-for-stm32.9-2020-q2-update.win32_1.5.0.202011040924/tools/bin/../lib/gcc/arm-none-eabi/9.3.1/../../../../arm-none-eabi/lib/thumb/v7e-m+fp/hard\libc_nano.a(lib_a-nano-mallocr.o)
                0x00000000200000e4                __malloc_free_list
 .bss.__malloc_sbrk_start
                0x00000000200000e8        0x4 d:/st/stm32cubeide_1.6.1/stm32cubeide/plugins/com.st.stm32cube.ide.mcu.externaltools.gnu-tools-for-stm32.9-2020-q2-update.win32_1.5.0.202011040924/tools/bin/../lib/gcc/arm-none-eabi/9.3.1/../../../../arm-none-eabi/lib/thumb/v7e-m+fp/hard\libc_nano.a(lib_a-nano-mallocr.o)
                0x00000000200000e8                __malloc_sbrk_start
 *(COMMON)
 COMMON         0x00000000200000ec      0x48d Core/Src/main.o
                0x00000000200000ec                id_4
                0x00000000200000ed                rx_cnt
                0x00000000200000f0                huart3
                0x0000000020000134                deci3
                0x0000000020000138                reset_CMD
                0x000000002000013c                retVal
                0x0000000020000140                deci1
                0x0000000020000144                msg
                0x0000000020000180                id_1
                0x0000000020000184                huart5
                0x00000000200001c8                rxdata
                0x00000000200001cc                huart1
                0x0000000020000210                id_3
                0x0000000020000214                c_buffer
                0x000000002000021c                hrtc
                0x000000002000023c                result_bin
                0x0000000020000240                master_Name
                0x0000000020000244                htim1
                0x000000002000028c                recv_array
                0x0000000020000291                rx_data
                0x0000000020000294                huart6
                0x00000000200002d8                GTO_rxd
                0x0000000020000300                huart4
                0x0000000020000344                GTO_rxdata
                0x0000000020000348                hspi1
                0x00000000200003a0                deci2
                0x00000000200003a4                huart2
                0x00000000200003e8                hdma_spi1_rx
                0x0000000020000448                sockStatus
                0x000000002000044c                binary
                0x000000002000049c                ret
                0x00000000200004a0                htim7
                0x00000000200004e8                id_2
                0x00000000200004ec                hdma_spi1_tx
                0x000000002000054c                rxd
                0x0000000020000574                deci4
                0x0000000020000578                GTO_rx_cnt
 *fill*         0x0000000020000579        0x3 
 COMMON         0x000000002000057c       0x48 Core/Src/stm32f4xx_hal_timebase_tim.o
                0x000000002000057c                htim6
 COMMON         0x00000000200005c4        0x4 Drivers/STM32F4xx_HAL_Driver/Src/stm32f4xx_hal.o
                0x00000000200005c4                uwTick
 COMMON         0x00000000200005c8        0x9 d:/st/stm32cubeide_1.6.1/stm32cubeide/plugins/com.st.stm32cube.ide.mcu.externaltools.gnu-tools-for-stm32.9-2020-q2-update.win32_1.5.0.202011040924/tools/bin/../lib/gcc/arm-none-eabi/9.3.1/../../../../arm-none-eabi/lib/thumb/v7e-m+fp/hard\libc_nano.a(lib_a-lock.o)
                0x00000000200005c8                __lock___atexit_recursive_mutex
                0x00000000200005c9                __lock___arc4random_mutex
                0x00000000200005ca                __lock___env_recursive_mutex
                0x00000000200005cb                __lock___sinit_recursive_mutex
                0x00000000200005cc                __lock___malloc_recursive_mutex
                0x00000000200005cd                __lock___at_quick_exit_mutex
                0x00000000200005ce                __lock___dd_hash_mutex
                0x00000000200005cf                __lock___tz_mutex
                0x00000000200005d0                __lock___sfp_recursive_mutex
 *fill*         0x00000000200005d1        0x3 
 COMMON         0x00000000200005d4        0x4 d:/st/stm32cubeide_1.6.1/stm32cubeide/plugins/com.st.stm32cube.ide.mcu.externaltools.gnu-tools-for-stm32.9-2020-q2-update.win32_1.5.0.202011040924/tools/bin/../lib/gcc/arm-none-eabi/9.3.1/../../../../arm-none-eabi/lib/thumb/v7e-m+fp/hard\libc_nano.a(lib_a-reent.o)
                0x00000000200005d4                errno
                0x00000000200005d8                . = ALIGN (0x4)
                0x00000000200005d8                _ebss = .
                0x00000000200005d8                __bss_end__ = _ebss

._user_heap_stack
                0x00000000200005d8      0x600 load address 0x0000000008009310
                0x00000000200005d8                . = ALIGN (0x8)
                [!provide]                        PROVIDE (end = .)
                0x00000000200005d8                PROVIDE (_end = .)
                0x00000000200007d8                . = (. + _Min_Heap_Size)
 *fill*         0x00000000200005d8      0x200 
                0x0000000020000bd8                . = (. + _Min_Stack_Size)
 *fill*         0x00000000200007d8      0x400 
                0x0000000020000bd8                . = ALIGN (0x8)

/DISCARD/
 libc.a(*)
 libm.a(*)
 libgcc.a(*)

.ARM.attributes
                0x0000000000000000       0x30
 *(.ARM.attributes)
 .ARM.attributes
                0x0000000000000000       0x1e d:/st/stm32cubeide_1.6.1/stm32cubeide/plugins/com.st.stm32cube.ide.mcu.externaltools.gnu-tools-for-stm32.9-2020-q2-update.win32_1.5.0.202011040924/tools/bin/../lib/gcc/arm-none-eabi/9.3.1/thumb/v7e-m+fp/hard/crti.o
 .ARM.attributes
                0x000000000000001e       0x34 d:/st/stm32cubeide_1.6.1/stm32cubeide/plugins/com.st.stm32cube.ide.mcu.externaltools.gnu-tools-for-stm32.9-2020-q2-update.win32_1.5.0.202011040924/tools/bin/../lib/gcc/arm-none-eabi/9.3.1/thumb/v7e-m+fp/hard/crtbegin.o
 .ARM.attributes
                0x0000000000000052       0x34 Core/Ethernet/W5100/w5100.o
 .ARM.attributes
                0x0000000000000086       0x34 Core/Ethernet/socket.o
 .ARM.attributes
                0x00000000000000ba       0x34 Core/Ethernet/wizchip_conf.o
 .ARM.attributes
                0x00000000000000ee       0x34 Core/Src/main.o
 .ARM.attributes
                0x0000000000000122       0x34 Core/Src/stm32f4xx_hal_msp.o
 .ARM.attributes
                0x0000000000000156       0x34 Core/Src/stm32f4xx_hal_timebase_tim.o
 .ARM.attributes
                0x000000000000018a       0x34 Core/Src/stm32f4xx_it.o
 .ARM.attributes
                0x00000000000001be       0x34 Core/Src/syscalls.o
 .ARM.attributes
                0x00000000000001f2       0x34 Core/Src/sysmem.o
 .ARM.attributes
                0x0000000000000226       0x34 Core/Src/system_stm32f4xx.o
 .ARM.attributes
                0x000000000000025a       0x21 Core/Startup/startup_stm32f407vetx.o
 .ARM.attributes
                0x000000000000027b       0x34 Drivers/STM32F4xx_HAL_Driver/Src/stm32f4xx_hal.o
 .ARM.attributes
                0x00000000000002af       0x34 Drivers/STM32F4xx_HAL_Driver/Src/stm32f4xx_hal_cortex.o
 .ARM.attributes
                0x00000000000002e3       0x34 Drivers/STM32F4xx_HAL_Driver/Src/stm32f4xx_hal_dma.o
 .ARM.attributes
                0x0000000000000317       0x34 Drivers/STM32F4xx_HAL_Driver/Src/stm32f4xx_hal_gpio.o
 .ARM.attributes
                0x000000000000034b       0x34 Drivers/STM32F4xx_HAL_Driver/Src/stm32f4xx_hal_rcc.o
 .ARM.attributes
                0x000000000000037f       0x34 Drivers/STM32F4xx_HAL_Driver/Src/stm32f4xx_hal_rcc_ex.o
 .ARM.attributes
                0x00000000000003b3       0x34 Drivers/STM32F4xx_HAL_Driver/Src/stm32f4xx_hal_rtc.o
 .ARM.attributes
                0x00000000000003e7       0x34 Drivers/STM32F4xx_HAL_Driver/Src/stm32f4xx_hal_spi.o
 .ARM.attributes
                0x000000000000041b       0x34 Drivers/STM32F4xx_HAL_Driver/Src/stm32f4xx_hal_tim.o
 .ARM.attributes
                0x000000000000044f       0x34 Drivers/STM32F4xx_HAL_Driver/Src/stm32f4xx_hal_tim_ex.o
 .ARM.attributes
                0x0000000000000483       0x34 Drivers/STM32F4xx_HAL_Driver/Src/stm32f4xx_hal_uart.o
 .ARM.attributes
                0x00000000000004b7       0x34 d:/st/stm32cubeide_1.6.1/stm32cubeide/plugins/com.st.stm32cube.ide.mcu.externaltools.gnu-tools-for-stm32.9-2020-q2-update.win32_1.5.0.202011040924/tools/bin/../lib/gcc/arm-none-eabi/9.3.1/../../../../arm-none-eabi/lib/thumb/v7e-m+fp/hard\libc_nano.a(lib_a-errno.o)
 .ARM.attributes
                0x00000000000004eb       0x32 d:/st/stm32cubeide_1.6.1/stm32cubeide/plugins/com.st.stm32cube.ide.mcu.externaltools.gnu-tools-for-stm32.9-2020-q2-update.win32_1.5.0.202011040924/tools/bin/../lib/gcc/arm-none-eabi/9.3.1/../../../../arm-none-eabi/lib/thumb/v7e-m+fp/hard\libc_nano.a(lib_a-impure.o)
 .ARM.attributes
                0x000000000000051d       0x34 d:/st/stm32cubeide_1.6.1/stm32cubeide/plugins/com.st.stm32cube.ide.mcu.externaltools.gnu-tools-for-stm32.9-2020-q2-update.win32_1.5.0.202011040924/tools/bin/../lib/gcc/arm-none-eabi/9.3.1/../../../../arm-none-eabi/lib/thumb/v7e-m+fp/hard\libc_nano.a(lib_a-init.o)
 .ARM.attributes
                0x0000000000000551       0x34 d:/st/stm32cubeide_1.6.1/stm32cubeide/plugins/com.st.stm32cube.ide.mcu.externaltools.gnu-tools-for-stm32.9-2020-q2-update.win32_1.5.0.202011040924/tools/bin/../lib/gcc/arm-none-eabi/9.3.1/../../../../arm-none-eabi/lib/thumb/v7e-m+fp/hard\libc_nano.a(lib_a-malloc.o)
 .ARM.attributes
                0x0000000000000585       0x34 d:/st/stm32cubeide_1.6.1/stm32cubeide/plugins/com.st.stm32cube.ide.mcu.externaltools.gnu-tools-for-stm32.9-2020-q2-update.win32_1.5.0.202011040924/tools/bin/../lib/gcc/arm-none-eabi/9.3.1/../../../../arm-none-eabi/lib/thumb/v7e-m+fp/hard\libc_nano.a(lib_a-memcpy-stub.o)
 .ARM.attributes
                0x00000000000005b9       0x34 d:/st/stm32cubeide_1.6.1/stm32cubeide/plugins/com.st.stm32cube.ide.mcu.externaltools.gnu-tools-for-stm32.9-2020-q2-update.win32_1.5.0.202011040924/tools/bin/../lib/gcc/arm-none-eabi/9.3.1/../../../../arm-none-eabi/lib/thumb/v7e-m+fp/hard\libc_nano.a(lib_a-memset.o)
 .ARM.attributes
                0x00000000000005ed       0x34 d:/st/stm32cubeide_1.6.1/stm32cubeide/plugins/com.st.stm32cube.ide.mcu.externaltools.gnu-tools-for-stm32.9-2020-q2-update.win32_1.5.0.202011040924/tools/bin/../lib/gcc/arm-none-eabi/9.3.1/../../../../arm-none-eabi/lib/thumb/v7e-m+fp/hard\libc_nano.a(lib_a-nano-freer.o)
 .ARM.attributes
                0x0000000000000621       0x34 d:/st/stm32cubeide_1.6.1/stm32cubeide/plugins/com.st.stm32cube.ide.mcu.externaltools.gnu-tools-for-stm32.9-2020-q2-update.win32_1.5.0.202011040924/tools/bin/../lib/gcc/arm-none-eabi/9.3.1/../../../../arm-none-eabi/lib/thumb/v7e-m+fp/hard\libc_nano.a(lib_a-nano-mallocr.o)
 .ARM.attributes
                0x0000000000000655       0x34 d:/st/stm32cubeide_1.6.1/stm32cubeide/plugins/com.st.stm32cube.ide.mcu.externaltools.gnu-tools-for-stm32.9-2020-q2-update.win32_1.5.0.202011040924/tools/bin/../lib/gcc/arm-none-eabi/9.3.1/../../../../arm-none-eabi/lib/thumb/v7e-m+fp/hard\libc_nano.a(lib_a-printf.o)
 .ARM.attributes
                0x0000000000000689       0x34 d:/st/stm32cubeide_1.6.1/stm32cubeide/plugins/com.st.stm32cube.ide.mcu.externaltools.gnu-tools-for-stm32.9-2020-q2-update.win32_1.5.0.202011040924/tools/bin/../lib/gcc/arm-none-eabi/9.3.1/../../../../arm-none-eabi/lib/thumb/v7e-m+fp/hard\libc_nano.a(lib_a-putchar.o)
 .ARM.attributes
                0x00000000000006bd       0x34 d:/st/stm32cubeide_1.6.1/stm32cubeide/plugins/com.st.stm32cube.ide.mcu.externaltools.gnu-tools-for-stm32.9-2020-q2-update.win32_1.5.0.202011040924/tools/bin/../lib/gcc/arm-none-eabi/9.3.1/../../../../arm-none-eabi/lib/thumb/v7e-m+fp/hard\libc_nano.a(lib_a-puts.o)
 .ARM.attributes
                0x00000000000006f1       0x34 d:/st/stm32cubeide_1.6.1/stm32cubeide/plugins/com.st.stm32cube.ide.mcu.externaltools.gnu-tools-for-stm32.9-2020-q2-update.win32_1.5.0.202011040924/tools/bin/../lib/gcc/arm-none-eabi/9.3.1/../../../../arm-none-eabi/lib/thumb/v7e-m+fp/hard\libc_nano.a(lib_a-sbrkr.o)
 .ARM.attributes
                0x0000000000000725       0x34 d:/st/stm32cubeide_1.6.1/stm32cubeide/plugins/com.st.stm32cube.ide.mcu.externaltools.gnu-tools-for-stm32.9-2020-q2-update.win32_1.5.0.202011040924/tools/bin/../lib/gcc/arm-none-eabi/9.3.1/../../../../arm-none-eabi/lib/thumb/v7e-m+fp/hard\libc_nano.a(lib_a-sprintf.o)
 .ARM.attributes
                0x0000000000000759       0x34 d:/st/stm32cubeide_1.6.1/stm32cubeide/plugins/com.st.stm32cube.ide.mcu.externaltools.gnu-tools-for-stm32.9-2020-q2-update.win32_1.5.0.202011040924/tools/bin/../lib/gcc/arm-none-eabi/9.3.1/../../../../arm-none-eabi/lib/thumb/v7e-m+fp/hard\libc_nano.a(lib_a-stdio.o)
 .ARM.attributes
                0x000000000000078d       0x17 d:/st/stm32cubeide_1.6.1/stm32cubeide/plugins/com.st.stm32cube.ide.mcu.externaltools.gnu-tools-for-stm32.9-2020-q2-update.win32_1.5.0.202011040924/tools/bin/../lib/gcc/arm-none-eabi/9.3.1/../../../../arm-none-eabi/lib/thumb/v7e-m+fp/hard\libc_nano.a(lib_a-strlen.o)
 .ARM.attributes
                0x00000000000007a4       0x34 d:/st/stm32cubeide_1.6.1/stm32cubeide/plugins/com.st.stm32cube.ide.mcu.externaltools.gnu-tools-for-stm32.9-2020-q2-update.win32_1.5.0.202011040924/tools/bin/../lib/gcc/arm-none-eabi/9.3.1/../../../../arm-none-eabi/lib/thumb/v7e-m+fp/hard\libc_nano.a(lib_a-wbuf.o)
 .ARM.attributes
                0x00000000000007d8       0x34 d:/st/stm32cubeide_1.6.1/stm32cubeide/plugins/com.st.stm32cube.ide.mcu.externaltools.gnu-tools-for-stm32.9-2020-q2-update.win32_1.5.0.202011040924/tools/bin/../lib/gcc/arm-none-eabi/9.3.1/../../../../arm-none-eabi/lib/thumb/v7e-m+fp/hard\libc_nano.a(lib_a-writer.o)
 .ARM.attributes
                0x000000000000080c       0x34 d:/st/stm32cubeide_1.6.1/stm32cubeide/plugins/com.st.stm32cube.ide.mcu.externaltools.gnu-tools-for-stm32.9-2020-q2-update.win32_1.5.0.202011040924/tools/bin/../lib/gcc/arm-none-eabi/9.3.1/../../../../arm-none-eabi/lib/thumb/v7e-m+fp/hard\libc_nano.a(lib_a-wsetup.o)
 .ARM.attributes
                0x0000000000000840       0x34 d:/st/stm32cubeide_1.6.1/stm32cubeide/plugins/com.st.stm32cube.ide.mcu.externaltools.gnu-tools-for-stm32.9-2020-q2-update.win32_1.5.0.202011040924/tools/bin/../lib/gcc/arm-none-eabi/9.3.1/../../../../arm-none-eabi/lib/thumb/v7e-m+fp/hard\libc_nano.a(lib_a-closer.o)
 .ARM.attributes
                0x0000000000000874       0x34 d:/st/stm32cubeide_1.6.1/stm32cubeide/plugins/com.st.stm32cube.ide.mcu.externaltools.gnu-tools-for-stm32.9-2020-q2-update.win32_1.5.0.202011040924/tools/bin/../lib/gcc/arm-none-eabi/9.3.1/../../../../arm-none-eabi/lib/thumb/v7e-m+fp/hard\libc_nano.a(lib_a-fflush.o)
 .ARM.attributes
                0x00000000000008a8       0x34 d:/st/stm32cubeide_1.6.1/stm32cubeide/plugins/com.st.stm32cube.ide.mcu.externaltools.gnu-tools-for-stm32.9-2020-q2-update.win32_1.5.0.202011040924/tools/bin/../lib/gcc/arm-none-eabi/9.3.1/../../../../arm-none-eabi/lib/thumb/v7e-m+fp/hard\libc_nano.a(lib_a-findfp.o)
 .ARM.attributes
                0x00000000000008dc       0x34 d:/st/stm32cubeide_1.6.1/stm32cubeide/plugins/com.st.stm32cube.ide.mcu.externaltools.gnu-tools-for-stm32.9-2020-q2-update.win32_1.5.0.202011040924/tools/bin/../lib/gcc/arm-none-eabi/9.3.1/../../../../arm-none-eabi/lib/thumb/v7e-m+fp/hard\libc_nano.a(lib_a-fwalk.o)
 .ARM.attributes
                0x0000000000000910       0x34 d:/st/stm32cubeide_1.6.1/stm32cubeide/plugins/com.st.stm32cube.ide.mcu.externaltools.gnu-tools-for-stm32.9-2020-q2-update.win32_1.5.0.202011040924/tools/bin/../lib/gcc/arm-none-eabi/9.3.1/../../../../arm-none-eabi/lib/thumb/v7e-m+fp/hard\libc_nano.a(lib_a-lock.o)
 .ARM.attributes
                0x0000000000000944       0x34 d:/st/stm32cubeide_1.6.1/stm32cubeide/plugins/com.st.stm32cube.ide.mcu.externaltools.gnu-tools-for-stm32.9-2020-q2-update.win32_1.5.0.202011040924/tools/bin/../lib/gcc/arm-none-eabi/9.3.1/../../../../arm-none-eabi/lib/thumb/v7e-m+fp/hard\libc_nano.a(lib_a-lseekr.o)
 .ARM.attributes
                0x0000000000000978       0x34 d:/st/stm32cubeide_1.6.1/stm32cubeide/plugins/com.st.stm32cube.ide.mcu.externaltools.gnu-tools-for-stm32.9-2020-q2-update.win32_1.5.0.202011040924/tools/bin/../lib/gcc/arm-none-eabi/9.3.1/../../../../arm-none-eabi/lib/thumb/v7e-m+fp/hard\libc_nano.a(lib_a-makebuf.o)
 .ARM.attributes