dwt_stm32_delay.h:25:22:DWT_Delay_us	24	static
main.c:161:6:HAL_UART_RxCpltCallback	16	static
main.c:265:5:_write	24	static
main.c:272:6:debugPrint	16	static
main.c:278:6:debugPrintln	24	static
main.c:292:5:main	16	static
main.c:574:6:SystemClock_Config	104	static
main.c:626:13:MX_NVIC_Init	8	static
main.c:641:13:MX_RTC_Init	32	static
main.c:703:13:MX_SPI1_Init	8	static
main.c:741:13:MX_TIM1_Init	56	static
main.c:794:13:MX_TIM7_Init	16	static
main.c:832:13:MX_UART4_Init	8	static
main.c:865:13:MX_UART5_Init	8	static
main.c:898:13:MX_USART1_UART_Init	8	static
main.c:931:13:MX_USART2_UART_Init	8	static
main.c:964:13:MX_USART3_UART_Init	8	static
main.c:997:13:MX_USART6_UART_Init	8	static
main.c:1042:13:MX_GPIO_Init	56	static
main.c:1113:6:Sync_out	8	static
main.c:1129:7:SubStr	40	static
main.c:1158:6:Error_Handler	4	static,ignoring_inline_asm
