dwt_stm32_delay.h:25:22:DWT_Delay_us	24	static
main.c:227:6:cs_sel	8	static
main.c:231:6:cs_desel	8	static
main.c:235:9:spi_rb	16	static
main.c:241:6:spi_wb	16	static
main.c:276:6:HAL_UART_RxCpltCallback	16	static
main.c:379:6:HAL_GPIO_EXTI_Callback	16	static
main.c:393:5:_write	24	static
main.c:400:6:debugPrint	16	static
main.c:406:6:debugPrintln	24	static
main.c:420:5:main	64	static
main.c:665:6:SystemClock_Config	104	static
main.c:717:13:MX_NVIC_Init	8	static
main.c:732:13:MX_RTC_Init	32	static
main.c:794:13:MX_SPI1_Init	32	static
main.c:852:13:MX_TIM1_Init	56	static
main.c:905:13:MX_TIM7_Init	16	static
main.c:943:13:MX_UART4_Init	8	static
main.c:976:13:MX_UART5_Init	8	static
main.c:1009:13:MX_USART1_UART_Init	8	static
main.c:1042:13:MX_USART2_UART_Init	8	static
main.c:1075:13:MX_USART3_UART_Init	8	static
main.c:1108:13:MX_USART6_UART_Init	8	static
main.c:1151:13:MX_DMA_Init	16	static
main.c:1172:13:MX_GPIO_Init	56	static
main.c:1247:6:Sync_out	8	static
main.c:1263:7:SubStr	40	static
main.c:1284:6:TCP_Ethernet_Server	40	static
main.c:1346:6:EthernetTest	24	static
main.c:1359:9:loopback_tcps	16	static,ignoring_inline_asm
main.c:1454:6:network_init	64	static
main.c:1500:6:loopback_tcpc	56	static
main.c:1566:6:wiz_send_data_gto	32	static
main.c:1610:6:HAL_TIM_PeriodElapsedCallback	16	static
main.c:1635:6:Error_Handler	4	static,ignoring_inline_asm
