stm32f4xx_it.c:81:6:NMI_Handler	4	static
stm32f4xx_it.c:96:6:HardFault_Handler	4	static
stm32f4xx_it.c:111:6:MemManage_Handler	4	static
stm32f4xx_it.c:126:6:BusFault_Handler	4	static
stm32f4xx_it.c:141:6:UsageFault_Handler	4	static
stm32f4xx_it.c:156:6:SVC_Handler	4	static
stm32f4xx_it.c:169:6:DebugMon_Handler	4	static
stm32f4xx_it.c:182:6:PendSV_Handler	4	static
stm32f4xx_it.c:195:6:SysTick_Handler	4	static
stm32f4xx_it.c:216:6:SPI1_IRQHandler	8	static
stm32f4xx_it.c:230:6:USART1_IRQHandler	8	static
stm32f4xx_it.c:244:6:USART2_IRQHandler	8	static
stm32f4xx_it.c:258:6:USART3_IRQHandler	8	static
stm32f4xx_it.c:272:6:UART4_IRQHandler	8	static
stm32f4xx_it.c:286:6:UART5_IRQHandler	8	static
stm32f4xx_it.c:300:6:TIM6_DAC_IRQHandler	8	static
stm32f4xx_it.c:314:6:TIM7_IRQHandler	8	static
stm32f4xx_it.c:328:6:DMA2_Stream0_IRQHandler	8	static
stm32f4xx_it.c:342:6:DMA2_Stream3_IRQHandler	8	static
stm32f4xx_it.c:356:6:USART6_IRQHandler	8	static
